Archive member included to satisfy reference by file (symbol)

c:/Users/Sorsly/Documents/remote/ringRemote/eclipse/ringRemote/build/PeriphDriver/PeriphDriver.a(uart.o)
                              c:/Users/Sorsly/Documents/remote/ringRemote/eclipse/ringRemote/build/board.o (UART_Init)
c:/Users/Sorsly/Documents/remote/ringRemote/eclipse/ringRemote/build/PeriphDriver/PeriphDriver.a(gpio.o)
                              c:/Users/Sorsly/Documents/remote/ringRemote/eclipse/ringRemote/build/main.o (GPIO_Config)
c:/Users/Sorsly/Documents/remote/ringRemote/eclipse/ringRemote/build/PeriphDriver/PeriphDriver.a(mxc_delay.o)
                              c:/Users/Sorsly/Documents/remote/ringRemote/eclipse/ringRemote/build/rom_stub.o (SysTick_Handler)
c:/Users/Sorsly/Documents/remote/ringRemote/eclipse/ringRemote/build/PeriphDriver/PeriphDriver.a(mxc_lock.o)
                              c:/Users/Sorsly/Documents/remote/ringRemote/eclipse/ringRemote/build/PeriphDriver/PeriphDriver.a(uart.o) (mxc_get_lock)
c:/Users/Sorsly/Documents/remote/ringRemote/eclipse/ringRemote/build/PeriphDriver/PeriphDriver.a(mxc_sys.o)
                              c:/Users/Sorsly/Documents/remote/ringRemote/eclipse/ringRemote/build/system_max32660.o (SYS_Clock_Select)
c:/Users/Sorsly/Documents/remote/ringRemote/eclipse/ringRemote/build/PeriphDriver/PeriphDriver.a(mxc_pins.o)
                              c:/Users/Sorsly/Documents/remote/ringRemote/eclipse/ringRemote/build/PeriphDriver/PeriphDriver.a(mxc_sys.o) (gpio_cfg_rtc)
c:/Users/Sorsly/Documents/remote/ringRemote/eclipse/ringRemote/build/PeriphDriver/PeriphDriver.a(rtc.o)
                              c:/Users/Sorsly/Documents/remote/ringRemote/eclipse/ringRemote/build/PeriphDriver/PeriphDriver.a(mxc_sys.o) (RTC_EnableRTCE)
c:/Users/Sorsly/Documents/remote/ringRemote/eclipse/ringRemote/build/PeriphDriver/PeriphDriver.a(tmr.o)
                              c:/Users/Sorsly/Documents/remote/ringRemote/eclipse/ringRemote/build/main.o (TMR_Init)
c:/maxim/toolchain/bin/../lib/gcc/arm-none-eabi/6.3.1/../../../../arm-none-eabi/lib/thumb/v7e-m/fpv4-sp/hard\libc.a(lib_a-errno.o)
                              c:/Users/Sorsly/Documents/remote/ringRemote/eclipse/ringRemote/build/stdio.o (__errno)
c:/maxim/toolchain/bin/../lib/gcc/arm-none-eabi/6.3.1/../../../../arm-none-eabi/lib/thumb/v7e-m/fpv4-sp/hard\libc.a(lib_a-exit.o)
                              c:/maxim/toolchain/bin/../lib/gcc/arm-none-eabi/6.3.1/../../../../arm-none-eabi/lib/thumb/v7e-m/fpv4-sp/hard/crt0.o (exit)
c:/maxim/toolchain/bin/../lib/gcc/arm-none-eabi/6.3.1/../../../../arm-none-eabi/lib/thumb/v7e-m/fpv4-sp/hard\libc.a(lib_a-impure.o)
                              c:/maxim/toolchain/bin/../lib/gcc/arm-none-eabi/6.3.1/../../../../arm-none-eabi/lib/thumb/v7e-m/fpv4-sp/hard\libc.a(lib_a-exit.o) (_global_impure_ptr)
c:/maxim/toolchain/bin/../lib/gcc/arm-none-eabi/6.3.1/../../../../arm-none-eabi/lib/thumb/v7e-m/fpv4-sp/hard\libc.a(lib_a-init.o)
                              c:/maxim/toolchain/bin/../lib/gcc/arm-none-eabi/6.3.1/../../../../arm-none-eabi/lib/thumb/v7e-m/fpv4-sp/hard/crt0.o (__libc_init_array)
c:/maxim/toolchain/bin/../lib/gcc/arm-none-eabi/6.3.1/../../../../arm-none-eabi/lib/thumb/v7e-m/fpv4-sp/hard\libc.a(lib_a-memset.o)
                              c:/maxim/toolchain/bin/../lib/gcc/arm-none-eabi/6.3.1/../../../../arm-none-eabi/lib/thumb/v7e-m/fpv4-sp/hard/crt0.o (memset)
c:/maxim/toolchain/bin/../lib/gcc/arm-none-eabi/6.3.1/../../../../arm-none-eabi/lib/thumb/v7e-m/fpv4-sp/hard\libc.a(lib_a-printf.o)
                              c:/Users/Sorsly/Documents/remote/ringRemote/eclipse/ringRemote/build/board.o (printf)
c:/maxim/toolchain/bin/../lib/gcc/arm-none-eabi/6.3.1/../../../../arm-none-eabi/lib/thumb/v7e-m/fpv4-sp/hard\libc.a(lib_a-vfprintf.o)
                              c:/maxim/toolchain/bin/../lib/gcc/arm-none-eabi/6.3.1/../../../../arm-none-eabi/lib/thumb/v7e-m/fpv4-sp/hard\libc.a(lib_a-printf.o) (_vfprintf_r)
c:/maxim/toolchain/bin/../lib/gcc/arm-none-eabi/6.3.1/../../../../arm-none-eabi/lib/thumb/v7e-m/fpv4-sp/hard\libc.a(lib_a-wsetup.o)
                              c:/maxim/toolchain/bin/../lib/gcc/arm-none-eabi/6.3.1/../../../../arm-none-eabi/lib/thumb/v7e-m/fpv4-sp/hard\libc.a(lib_a-vfprintf.o) (__swsetup_r)
c:/maxim/toolchain/bin/../lib/gcc/arm-none-eabi/6.3.1/../../../../arm-none-eabi/lib/thumb/v7e-m/fpv4-sp/hard\libc.a(lib_a-__call_atexit.o)
                              c:/maxim/toolchain/bin/../lib/gcc/arm-none-eabi/6.3.1/../../../../arm-none-eabi/lib/thumb/v7e-m/fpv4-sp/hard\libc.a(lib_a-exit.o) (__call_exitprocs)
c:/maxim/toolchain/bin/../lib/gcc/arm-none-eabi/6.3.1/../../../../arm-none-eabi/lib/thumb/v7e-m/fpv4-sp/hard\libc.a(lib_a-atexit.o)
                              c:/maxim/toolchain/bin/../lib/gcc/arm-none-eabi/6.3.1/../../../../arm-none-eabi/lib/thumb/v7e-m/fpv4-sp/hard\libc.a(lib_a-__call_atexit.o) (atexit)
[...]
Memory Configuration

Name             Origin             Length             Attributes
FLASH            0x00000000         0x00040000         xr
SRAM             0x20000000         0x00018000         xrw
*default*        0x00000000         0xffffffff

Linker script and memory map

LOAD c:/maxim/toolchain/bin/../lib/gcc/arm-none-eabi/6.3.1/thumb/v7e-m/fpv4-sp/hard/crti.o
LOAD c:/maxim/toolchain/bin/../lib/gcc/arm-none-eabi/6.3.1/thumb/v7e-m/fpv4-sp/hard/crtbegin.o
LOAD c:/maxim/toolchain/bin/../lib/gcc/arm-none-eabi/6.3.1/../../../../arm-none-eabi/lib/thumb/v7e-m/fpv4-sp/hard/crt0.o
LOAD c:/Users/Sorsly/Documents/remote/ringRemote/eclipse/ringRemote/build/main.o
LOAD c:/Users/Sorsly/Documents/remote/ringRemote/eclipse/ringRemote/build/board.o
LOAD c:/Users/Sorsly/Documents/remote/ringRemote/eclipse/ringRemote/build/stdio.o
LOAD c:/Users/Sorsly/Documents/remote/ringRemote/eclipse/ringRemote/build/led.o
LOAD c:/Users/Sorsly/Documents/remote/ringRemote/eclipse/ringRemote/build/pb.o
LOAD c:/Users/Sorsly/Documents/remote/ringRemote/eclipse/ringRemote/build/rom_stub.o
LOAD c:/Users/Sorsly/Documents/remote/ringRemote/eclipse/ringRemote/build/startup_max32660.o
LOAD c:/Users/Sorsly/Documents/remote/ringRemote/eclipse/ringRemote/build/heap.o
LOAD c:/Users/Sorsly/Documents/remote/ringRemote/eclipse/ringRemote/build/system_max32660.o
START GROUP
LOAD c:/Users/Sorsly/Documents/remote/ringRemote/eclipse/ringRemote/build/PeriphDriver/PeriphDriver.a
LOAD c:/maxim/toolchain/bin/../lib/gcc/arm-none-eabi/6.3.1/../../../../arm-none-eabi/lib/thumb/v7e-m/fpv4-sp/hard\libc.a
LOAD c:/maxim/toolchain/bin/../lib/gcc/arm-none-eabi/6.3.1/../../../../arm-none-eabi/lib/thumb/v7e-m/fpv4-sp/hard\libm.a
LOAD c:/maxim/toolchain/bin/../lib/gcc/arm-none-eabi/6.3.1/../../../../arm-none-eabi/lib/thumb/v7e-m/fpv4-sp/hard\libnosys.a
END GROUP
START GROUP
LOAD c:/maxim/toolchain/bin/../lib/gcc/arm-none-eabi/6.3.1/thumb/v7e-m/fpv4-sp/hard\libgcc.a
LOAD c:/maxim/toolchain/bin/../lib/gcc/arm-none-eabi/6.3.1/../../../../arm-none-eabi/lib/thumb/v7e-m/fpv4-sp/hard\libc.a
END GROUP
LOAD c:/maxim/toolchain/bin/../lib/gcc/arm-none-eabi/6.3.1/thumb/v7e-m/fpv4-sp/hard/crtend.o
LOAD c:/maxim/toolchain/bin/../lib/gcc/arm-none-eabi/6.3.1/thumb/v7e-m/fpv4-sp/hard/crtn.o

.text           0x00000000     0x6a24
                0x00000000                _text = .
 *(.isr_vector)
 .isr_vector    0x00000000      0x11c c:/Users/Sorsly/Documents/remote/ringRemote/eclipse/ringRemote/build/startup_max32660.o
                0x00000000                __isr_vector
 *(.text*)
 .text          0x0000011c       0x6c c:/maxim/toolchain/bin/../lib/gcc/arm-none-eabi/6.3.1/thumb/v7e-m/fpv4-sp/hard/crtbegin.o
 .text.gpio_isr
                0x00000188       0x10 c:/Users/Sorsly/Documents/remote/ringRemote/eclipse/ringRemote/build/main.o
                0x00000188                gpio_isr
 .text.main     0x00000198      0x160 c:/Users/Sorsly/Documents/remote/ringRemote/eclipse/ringRemote/build/main.o
                0x00000198                main
 .text.mxc_assert
                0x000002f8       0x10 c:/Users/Sorsly/Documents/remote/ringRemote/eclipse/ringRemote/build/board.o
                0x000002f8                mxc_assert
 .text.Console_Init
                0x00000308       0x1c c:/Users/Sorsly/Documents/remote/ringRemote/eclipse/ringRemote/build/board.o
                0x00000308                Console_Init
 .text.Board_Init
                0x00000324       0x6c c:/Users/Sorsly/Documents/remote/ringRemote/eclipse/ringRemote/build/board.o
                0x00000324                Board_Init
 .text.NMI_Handler
                0x00000390        0x4 c:/Users/Sorsly/Documents/remote/ringRemote/eclipse/ringRemote/build/board.o
                0x00000390                NMI_Handler
 .text._close   0x00000394        0x6 c:/Users/Sorsly/Documents/remote/ringRemote/eclipse/ringRemote/build/stdio.o
                0x00000394                _close
 .text._isatty  0x0000039a        0x6 c:/Users/Sorsly/Documents/remote/ringRemote/eclipse/ringRemote/build/stdio.o
                0x0000039a                _isatty
 .text._lseek   0x000003a0        0x6 c:/Users/Sorsly/Documents/remote/ringRemote/eclipse/ringRemote/build/stdio.o
                0x000003a0                _lseek
 .text._fstat   0x000003a6        0x6 c:/Users/Sorsly/Documents/remote/ringRemote/eclipse/ringRemote/build/stdio.o
                0x000003a6                _fstat
 .text._read    0x000003ac       0x5c c:/Users/Sorsly/Documents/remote/ringRemote/eclipse/ringRemote/build/stdio.o
                0x000003ac                _read
 .text._write   0x00000408       0x50 c:/Users/Sorsly/Documents/remote/ringRemote/eclipse/ringRemote/build/stdio.o
                0x00000408                _write
 .text.LED_Off  0x00000458       0x38 c:/Users/Sorsly/Documents/remote/ringRemote/eclipse/ringRemote/build/led.o
                0x00000458                LED_Off
 .text.LED_Init
                0x00000490       0x3c c:/Users/Sorsly/Documents/remote/ringRemote/eclipse/ringRemote/build/led.o
                0x00000490                LED_Init
 .text.PB_Init  0x000004cc       0x34 c:/Users/Sorsly/Documents/remote/ringRemote/eclipse/ringRemote/build/pb.o
                0x000004cc                PB_Init
 .text.GPIO0_IRQHandler
                0x00000500        0xa c:/Users/Sorsly/Documents/remote/ringRemote/eclipse/ringRemote/build/pb.o
                0x00000500                GPIO0_IRQHandler
 *fill*         0x0000050a        0x2 
 .text          0x0000050c       0xe4 c:/Users/Sorsly/Documents/remote/ringRemote/eclipse/ringRemote/build/startup_max32660.o
                0x0000050c                Reset_Handler
                0x0000054a                HardFault_Handler
                0x0000054c                MemManage_Handler
                0x0000054e                BusFault_Handler
                0x00000550                UsageFault_Handler
                0x00000552                SVC_Handler
                0x00000554                DebugMon_Handler
                0x00000556                PendSV_Handler
                0x00000558                Default_Handler
                0x0000055a                PF_IRQHandler
                0x0000055c                WDT0_IRQHandler
                0x0000055e                RSV00_IRQHandler
                0x00000560                RTC_IRQHandler
                0x00000562                RSV1_IRQHandler
                0x00000564                TMR0_IRQHandler
                0x00000566                TMR1_IRQHandler
                0x00000568                TMR2_IRQHandler
                0x0000056a                RSV02_IRQHandler
                0x0000056c                RSV03_IRQHandler
                0x0000056e                RSV04_IRQHandler
                0x00000570                RSV05_IRQHandler
                0x00000572                RSV06_IRQHandler
                0x00000574                I2C0_IRQHandler
                0x00000576                UART0_IRQHandler
                0x00000578                UART1_IRQHandler
                0x0000057a                SPI0_IRQHandler
                0x0000057c                SPI1_IRQHandler
                0x0000057e                RSV07_IRQHandler
                0x00000580                RSV08_IRQHandler
                0x00000582                RSV09_IRQHandler
                0x00000584                RSV10_IRQHandler
                0x00000586                RSV11_IRQHandler
                0x00000588                FLC_IRQHandler
                0x0000058c                RSV12_IRQHandler
                0x0000058e                RSV13_IRQHandler
                0x00000590                RSV14_IRQHandler
                0x00000592                DMA0_IRQHandler
                0x00000594                DMA1_IRQHandler
                0x00000596                DMA2_IRQHandler
                0x00000598                DMA3_IRQHandler
                0x0000059a                RSV15_IRQHandler
                0x0000059c                RSV16_IRQHandler
                0x0000059e                RSV17_IRQHandler
                0x000005a0                RSV18_IRQHandler
                0x000005a2                I2C1_IRQHandler
                0x000005a4                RSV19_IRQHandler
                0x000005a6                RSV20_IRQHandler
                0x000005a8                RSV21_IRQHandler
                0x000005aa                RSV22_IRQHandler
                0x000005ac                RSV23_IRQHandler
                0x000005ae                RSV24_IRQHandler
                0x000005b0                RSV25_IRQHandler
                0x000005b2                RSV26_IRQHandler
                0x000005b4                RSV27_IRQHandler
                0x000005b6                RSV28_IRQHandler
                0x000005b8                RSV29_IRQHandler
                0x000005ba                RSV30_IRQHandler
                0x000005bc                RSV31_IRQHandler
                0x000005be                RSV32_IRQHandler
                0x000005c0                RSV33_IRQHandler
                0x000005c2                RSV34_IRQHandler
                0x000005c4                RSV35_IRQHandler
                0x000005c6                GPIOWAKE_IRQHandler
 .text._sbrk    0x000005f0       0x40 c:/Users/Sorsly/Documents/remote/ringRemote/eclipse/ringRemote/build/heap.o
                0x000005f0                _sbrk
 .text.SystemCoreClockUpdate
                0x00000630       0x60 c:/Users/Sorsly/Documents/remote/ringRemote/eclipse/ringRemote/build/system_max32660.o
                0x00000630                SystemCoreClockUpdate
 .text.PreInit  0x00000690        0x4 c:/Users/Sorsly/Documents/remote/ringRemote/eclipse/ringRemote/build/system_max32660.o
                0x00000690                PreInit
 .text.SystemInit
                0x00000694       0x8c c:/Users/Sorsly/Documents/remote/ringRemote/eclipse/ringRemote/build/system_max32660.o
                0x00000694                SystemInit
 .text.UART_Init
                0x00000720       0xac c:/Users/Sorsly/Documents/remote/ringRemote/eclipse/ringRemote/build/PeriphDriver/PeriphDriver.a(uart.o)
                0x00000720                UART_Init
 .text.UART_ReadByte
                0x000007cc        0xe c:/Users/Sorsly/Documents/remote/ringRemote/eclipse/ringRemote/build/PeriphDriver/PeriphDriver.a(uart.o)
                0x000007cc                UART_ReadByte
 .text.UART_WriteByte
                0x000007da        0xc c:/Users/Sorsly/Documents/remote/ringRemote/eclipse/ringRemote/build/PeriphDriver/PeriphDriver.a(uart.o)
                0x000007da                UART_WriteByte
 *fill*         0x000007e6        0x2 
 .text.GPIO_Config
                0x000007e8       0xfc c:/Users/Sorsly/Documents/remote/ringRemote/eclipse/ringRemote/build/PeriphDriver/PeriphDriver.a(gpio.o)
                0x000007e8                GPIO_Config
 .text.GPIO_InGet
                0x000008e4       0x18 c:/Users/Sorsly/Documents/remote/ringRemote/eclipse/ringRemote/build/PeriphDriver/PeriphDriver.a(gpio.o)
                0x000008e4                GPIO_InGet
 .text.GPIO_OutClr
                0x000008fc       0x14 c:/Users/Sorsly/Documents/remote/ringRemote/eclipse/ringRemote/build/PeriphDriver/PeriphDriver.a(gpio.o)
                0x000008fc                GPIO_OutClr
 .text.GPIO_IntConfig
                0x00000910       0x80 c:/Users/Sorsly/Documents/remote/ringRemote/eclipse/ringRemote/build/PeriphDriver/PeriphDriver.a(gpio.o)
                0x00000910                GPIO_IntConfig
 .text.GPIO_IntEnable
                0x00000990       0x14 c:/Users/Sorsly/Documents/remote/ringRemote/eclipse/ringRemote/build/PeriphDriver/PeriphDriver.a(gpio.o)
                0x00000990                GPIO_IntEnable
 .text.GPIO_RegisterCallback
                0x000009a4       0x44 c:/Users/Sorsly/Documents/remote/ringRemote/eclipse/ringRemote/build/PeriphDriver/PeriphDriver.a(gpio.o)
                0x000009a4                GPIO_RegisterCallback
 .text.GPIO_Handler
                0x000009e8       0x58 c:/Users/Sorsly/Documents/remote/ringRemote/eclipse/ringRemote/build/PeriphDriver/PeriphDriver.a(gpio.o)
                0x000009e8                GPIO_Handler
 .text.mxc_delay_init
                0x00000a40       0x7c c:/Users/Sorsly/Documents/remote/ringRemote/eclipse/ringRemote/build/PeriphDriver/PeriphDriver.a(mxc_delay.o)
 .text.mxc_delay_start
                0x00000abc       0x3c c:/Users/Sorsly/Documents/remote/ringRemote/eclipse/ringRemote/build/PeriphDriver/PeriphDriver.a(mxc_delay.o)
                0x00000abc                mxc_delay_start
 .text.mxc_delay_stop
                0x00000af8       0x20 c:/Users/Sorsly/Documents/remote/ringRemote/eclipse/ringRemote/build/PeriphDriver/PeriphDriver.a(mxc_delay.o)
                0x00000af8                mxc_delay_stop
 .text.mxc_delay_handler
                0x00000b18       0x2c c:/Users/Sorsly/Documents/remote/ringRemote/eclipse/ringRemote/build/PeriphDriver/PeriphDriver.a(mxc_delay.o)
                0x00000b18                mxc_delay_handler
 .text.SysTick_Handler
                0x00000b44        0x8 c:/Users/Sorsly/Documents/remote/ringRemote/eclipse/ringRemote/build/PeriphDriver/PeriphDriver.a(mxc_delay.o)
                0x00000b44                SysTick_Handler
 .text.mxc_delay_check
                0x00000b4c       0x40 c:/Users/Sorsly/Documents/remote/ringRemote/eclipse/ringRemote/build/PeriphDriver/PeriphDriver.a(mxc_delay.o)
                0x00000b4c                mxc_delay_check
 .text.SYS_Clock_Timeout
                0x00000b8c       0x22 c:/Users/Sorsly/Documents/remote/ringRemote/eclipse/ringRemote/build/PeriphDriver/PeriphDriver.a(mxc_sys.o)
 *fill*         0x00000bae        0x2 
 .text.SYS_Clock_Select
                0x00000bb0      0x208 c:/Users/Sorsly/Documents/remote/ringRemote/eclipse/ringRemote/build/PeriphDriver/PeriphDriver.a(mxc_sys.o)
                0x00000bb0                SYS_Clock_Select
 .text.SYS_UART_Init
                0x00000db8       0xa4 c:/Users/Sorsly/Documents/remote/ringRemote/eclipse/ringRemote/build/PeriphDriver/PeriphDriver.a(mxc_sys.o)
                0x00000db8                SYS_UART_Init
 .text.SYS_TMR_GetFreq
                0x00000e5c        0xc c:/Users/Sorsly/Documents/remote/ringRemote/eclipse/ringRemote/build/PeriphDriver/PeriphDriver.a(mxc_sys.o)
                0x00000e5c                SYS_TMR_GetFreq
 .text.SYS_ClockDisable
                0x00000e68       0x22 c:/Users/Sorsly/Documents/remote/ringRemote/eclipse/ringRemote/build/PeriphDriver/PeriphDriver.a(mxc_sys.o)
                0x00000e68                SYS_ClockDisable
 .text.SYS_ClockEnable
                0x00000e8a       0x26 c:/Users/Sorsly/Documents/remote/ringRemote/eclipse/ringRemote/build/PeriphDriver/PeriphDriver.a(mxc_sys.o)
                0x00000e8a                SYS_ClockEnable
 .text.SYS_TMR_Init
                0x00000eb0       0x58 c:/Users/Sorsly/Documents/remote/ringRemote/eclipse/ringRemote/build/PeriphDriver/PeriphDriver.a(mxc_sys.o)
                0x00000eb0                SYS_TMR_Init
 .text.TMR_Init
                0x00000f08       0x34 c:/Users/Sorsly/Documents/remote/ringRemote/eclipse/ringRemote/build/PeriphDriver/PeriphDriver.a(tmr.o)
                0x00000f08                TMR_Init
 .text.TMR_Enable
                0x00000f3c        0xa c:/Users/Sorsly/Documents/remote/ringRemote/eclipse/ringRemote/build/PeriphDriver/PeriphDriver.a(tmr.o)
                0x00000f3c                TMR_Enable
 .text.TMR_Disable
                0x00000f46        0xa c:/Users/Sorsly/Documents/remote/ringRemote/eclipse/ringRemote/build/PeriphDriver/PeriphDriver.a(tmr.o)
                0x00000f46                TMR_Disable
 .text.TMR_Config
                0x00000f50       0x24 c:/Users/Sorsly/Documents/remote/ringRemote/eclipse/ringRemote/build/PeriphDriver/PeriphDriver.a(tmr.o)
                0x00000f50                TMR_Config
 .text.TMR_IntStatus
                0x00000f74        0x4 c:/Users/Sorsly/Documents/remote/ringRemote/eclipse/ringRemote/build/PeriphDriver/PeriphDriver.a(tmr.o)
                0x00000f74                TMR_IntStatus
 .text.TMR_GetTicks
                0x00000f78       0x84 c:/Users/Sorsly/Documents/remote/ringRemote/eclipse/ringRemote/build/PeriphDriver/PeriphDriver.a(tmr.o)
                0x00000f78                TMR_GetTicks
 .text.__errno  0x00000ffc        0xc c:/maxim/toolchain/bin/../lib/gcc/arm-none-eabi/6.3.1/../../../../arm-none-eabi/lib/thumb/v7e-m/fpv4-sp/hard\libc.a(lib_a-errno.o)
                0x00000ffc                __errno
 .text.__libc_init_array
                0x00001008       0x50 c:/maxim/toolchain/bin/../lib/gcc/arm-none-eabi/6.3.1/../../../../arm-none-eabi/lib/thumb/v7e-m/fpv4-sp/hard\libc.a(lib_a-init.o)
                0x00001008                __libc_init_array
 .text.memset   0x00001058       0x9c c:/maxim/toolchain/bin/../lib/gcc/arm-none-eabi/6.3.1/../../../../arm-none-eabi/lib/thumb/v7e-m/fpv4-sp/hard\libc.a(lib_a-memset.o)
                0x00001058                memset
 .text.printf   0x000010f4       0x28 c:/maxim/toolchain/bin/../lib/gcc/arm-none-eabi/6.3.1/../../../../arm-none-eabi/lib/thumb/v7e-m/fpv4-sp/hard\libc.a(lib_a-printf.o)
                0x000010f4                printf
 *fill*         0x0000111c        0x4 
 .text._vfprintf_r
                0x00001120     0x157c c:/maxim/toolchain/bin/../lib/gcc/arm-none-eabi/6.3.1/../../../../arm-none-eabi/lib/thumb/v7e-m/fpv4-sp/hard\libc.a(lib_a-vfprintf.o)
                0x00001120                _vfprintf_r
 .text.__sbprintf
                0x0000269c       0x84 c:/maxim/toolchain/bin/../lib/gcc/arm-none-eabi/6.3.1/../../../../arm-none-eabi/lib/thumb/v7e-m/fpv4-sp/hard\libc.a(lib_a-vfprintf.o)
 .text.__swsetup_r
                0x00002720       0xc8 c:/maxim/toolchain/bin/../lib/gcc/arm-none-eabi/6.3.1/../../../../arm-none-eabi/lib/thumb/v7e-m/fpv4-sp/hard\libc.a(lib_a-wsetup.o)
                0x00002720                __swsetup_r
 .text.startup.register_fini
                0x000027e8       0x14 c:/maxim/toolchain/bin/../lib/gcc/arm-none-eabi/6.3.1/../../../../arm-none-eabi/lib/thumb/v7e-m/fpv4-sp/hard\libc.a(lib_a-__call_atexit.o)
 .text.atexit   0x000027fc        0xc c:/maxim/toolchain/bin/../lib/gcc/arm-none-eabi/6.3.1/../../../../arm-none-eabi/lib/thumb/v7e-m/fpv4-sp/hard\libc.a(lib_a-atexit.o)
                0x000027fc                atexit
 .text.quorem   0x00002808      0x128 c:/maxim/toolchain/bin/../lib/gcc/arm-none-eabi/6.3.1/../../../../arm-none-eabi/lib/thumb/v7e-m/fpv4-sp/hard\libc.a(lib_a-dtoa.o)
 .text._dtoa_r  0x00002930      0xe4c c:/maxim/toolchain/bin/../lib/gcc/arm-none-eabi/6.3.1/../../../../arm-none-eabi/lib/thumb/v7e-m/fpv4-sp/hard\libc.a(lib_a-dtoa.o)
                0x00002930                _dtoa_r
 .text.__sflush_r
                0x0000377c      0x140 c:/maxim/toolchain/bin/../lib/gcc/arm-none-eabi/6.3.1/../../../../arm-none-eabi/lib/thumb/v7e-m/fpv4-sp/hard\libc.a(lib_a-fflush.o)
                0x0000377c                __sflush_r
 .text._fflush_r
                0x000038bc       0x54 c:/maxim/toolchain/bin/../lib/gcc/arm-none-eabi/6.3.1/../../../../arm-none-eabi/lib/thumb/v7e-m/fpv4-sp/hard\libc.a(lib_a-fflush.o)
                0x000038bc                _fflush_r
 .text._cleanup_r
                0x00003910        0xc c:/maxim/toolchain/bin/../lib/gcc/arm-none-eabi/6.3.1/../../../../arm-none-eabi/lib/thumb/v7e-m/fpv4-sp/hard\libc.a(lib_a-findfp.o)
                0x00003910                _cleanup_r
 .text.std.isra.0
                0x0000391c       0x50 c:/maxim/toolchain/bin/../lib/gcc/arm-none-eabi/6.3.1/../../../../arm-none-eabi/lib/thumb/v7e-m/fpv4-sp/hard\libc.a(lib_a-findfp.o)
 .text.__sinit  0x0000396c       0x58 c:/maxim/toolchain/bin/../lib/gcc/arm-none-eabi/6.3.1/../../../../arm-none-eabi/lib/thumb/v7e-m/fpv4-sp/hard\libc.a(lib_a-findfp.o)
                0x0000396c                __sinit
 .text.__sfp_lock_acquire
                0x000039c4        0xc c:/maxim/toolchain/bin/../lib/gcc/arm-none-eabi/6.3.1/../../../../arm-none-eabi/lib/thumb/v7e-m/fpv4-sp/hard\libc.a(lib_a-findfp.o)
                0x000039c4                __sfp_lock_acquire
 .text.__sfp_lock_release
                0x000039d0        0xc c:/maxim/toolchain/bin/../lib/gcc/arm-none-eabi/6.3.1/../../../../arm-none-eabi/lib/thumb/v7e-m/fpv4-sp/hard\libc.a(lib_a-findfp.o)
                0x000039d0                __sfp_lock_release
 .text.__libc_fini_array
                0x000039dc       0x34 c:/maxim/toolchain/bin/../lib/gcc/arm-none-eabi/6.3.1/../../../../arm-none-eabi/lib/thumb/v7e-m/fpv4-sp/hard\libc.a(lib_a-fini.o)
                0x000039dc                __libc_fini_array
 .text._malloc_trim_r
                0x00003a10       0xa0 c:/maxim/toolchain/bin/../lib/gcc/arm-none-eabi/6.3.1/../../../../arm-none-eabi/lib/thumb/v7e-m/fpv4-sp/hard\libc.a(lib_a-freer.o)
                0x00003a10                _malloc_trim_r
 .text._free_r  0x00003ab0      0x1cc c:/maxim/toolchain/bin/../lib/gcc/arm-none-eabi/6.3.1/../../../../arm-none-eabi/lib/thumb/v7e-m/fpv4-sp/hard\libc.a(lib_a-freer.o)
                0x00003ab0                _free_r
 .text._fwalk_reent
                0x00003c7c       0x54 c:/maxim/toolchain/bin/../lib/gcc/arm-none-eabi/6.3.1/../../../../arm-none-eabi/lib/thumb/v7e-m/fpv4-sp/hard\libc.a(lib_a-fwalk.o)
                0x00003c7c                _fwalk_reent
 .text._localeconv_r
                0x00003cd0       0x1c c:/maxim/toolchain/bin/../lib/gcc/arm-none-eabi/6.3.1/../../../../arm-none-eabi/lib/thumb/v7e-m/fpv4-sp/hard\libc.a(lib_a-localeconv.o)
                0x00003cd0                _localeconv_r
 .text.__retarget_lock_init_recursive
                0x00003cec        0x4 c:/maxim/toolchain/bin/../lib/gcc/arm-none-eabi/6.3.1/../../../../arm-none-eabi/lib/thumb/v7e-m/fpv4-sp/hard\libc.a(lib_a-lock.o)
                0x00003cec                __retarget_lock_init_recursive
 .text.__retarget_lock_close_recursive
                0x00003cf0        0x4 c:/maxim/toolchain/bin/../lib/gcc/arm-none-eabi/6.3.1/../../../../arm-none-eabi/lib/thumb/v7e-m/fpv4-sp/hard\libc.a(lib_a-lock.o)
                0x00003cf0                __retarget_lock_close_recursive
 .text.__retarget_lock_acquire_recursive
                0x00003cf4        0x4 c:/maxim/toolchain/bin/../lib/gcc/arm-none-eabi/6.3.1/../../../../arm-none-eabi/lib/thumb/v7e-m/fpv4-sp/hard\libc.a(lib_a-lock.o)
                0x00003cf4                __retarget_lock_acquire_recursive
 .text.__retarget_lock_release_recursive
                0x00003cf8        0x4 c:/maxim/toolchain/bin/../lib/gcc/arm-none-eabi/6.3.1/../../../../arm-none-eabi/lib/thumb/v7e-m/fpv4-sp/hard\libc.a(lib_a-lock.o)
                0x00003cf8                __retarget_lock_release_recursive
 .text.__swhatbuf_r
                0x00003cfc       0x5c c:/maxim/toolchain/bin/../lib/gcc/arm-none-eabi/6.3.1/../../../../arm-none-eabi/lib/thumb/v7e-m/fpv4-sp/hard\libc.a(lib_a-makebuf.o)
                0x00003cfc                __swhatbuf_r
 .text.__smakebuf_r
                0x00003d58       0x94 c:/maxim/toolchain/bin/../lib/gcc/arm-none-eabi/6.3.1/../../../../arm-none-eabi/lib/thumb/v7e-m/fpv4-sp/hard\libc.a(lib_a-makebuf.o)
                0x00003d58                __smakebuf_r
 .text._malloc_r
                0x00003dec      0x560 c:/maxim/toolchain/bin/../lib/gcc/arm-none-eabi/6.3.1/../../../../arm-none-eabi/lib/thumb/v7e-m/fpv4-sp/hard\libc.a(lib_a-mallocr.o)
                0x00003dec                _malloc_r
 *fill*         0x0000434c        0x4 
 .text          0x00004350       0xa0 c:/maxim/toolchain/bin/../lib/gcc/arm-none-eabi/6.3.1/../../../../arm-none-eabi/lib/thumb/v7e-m/fpv4-sp/hard\libc.a(lib_a-memchr.o)
                0x00004350                memchr
 .text          0x000043f0      0x134 c:/maxim/toolchain/bin/../lib/gcc/arm-none-eabi/6.3.1/../../../../arm-none-eabi/lib/thumb/v7e-m/fpv4-sp/hard\libc.a(lib_a-memcpy.o)
                0x000043f0                memcpy
 .text.__malloc_lock
                0x00004524        0xc c:/maxim/toolchain/bin/../lib/gcc/arm-none-eabi/6.3.1/../../../../arm-none-eabi/lib/thumb/v7e-m/fpv4-sp/hard\libc.a(lib_a-mlock.o)
                0x00004524                __malloc_lock
 .text.__malloc_unlock
                0x00004530        0xc c:/maxim/toolchain/bin/../lib/gcc/arm-none-eabi/6.3.1/../../../../arm-none-eabi/lib/thumb/v7e-m/fpv4-sp/hard\libc.a(lib_a-mlock.o)
                0x00004530                __malloc_unlock
 .text._Balloc  0x0000453c       0x4c c:/maxim/toolchain/bin/../lib/gcc/arm-none-eabi/6.3.1/../../../../arm-none-eabi/lib/thumb/v7e-m/fpv4-sp/hard\libc.a(lib_a-mprec.o)
                0x0000453c                _Balloc
 .text._Bfree   0x00004588       0x14 c:/maxim/toolchain/bin/../lib/gcc/arm-none-eabi/6.3.1/../../../../arm-none-eabi/lib/thumb/v7e-m/fpv4-sp/hard\libc.a(lib_a-mprec.o)
                0x00004588                _Bfree
 .text.__multadd
                0x0000459c       0x80 c:/maxim/toolchain/bin/../lib/gcc/arm-none-eabi/6.3.1/../../../../arm-none-eabi/lib/thumb/v7e-m/fpv4-sp/hard\libc.a(lib_a-mprec.o)
                0x0000459c                __multadd
 .text.__hi0bits
                0x0000461c       0x40 c:/maxim/toolchain/bin/../lib/gcc/arm-none-eabi/6.3.1/../../../../arm-none-eabi/lib/thumb/v7e-m/fpv4-sp/hard\libc.a(lib_a-mprec.o)
                0x0000461c                __hi0bits
 .text.__lo0bits
                0x0000465c       0x60 c:/maxim/toolchain/bin/../lib/gcc/arm-none-eabi/6.3.1/../../../../arm-none-eabi/lib/thumb/v7e-m/fpv4-sp/hard\libc.a(lib_a-mprec.o)
                0x0000465c                __lo0bits
 .text.__i2b    0x000046bc       0x14 c:/maxim/toolchain/bin/../lib/gcc/arm-none-eabi/6.3.1/../../../../arm-none-eabi/lib/thumb/v7e-m/fpv4-sp/hard\libc.a(lib_a-mprec.o)
                0x000046bc                __i2b
 .text.__multiply
                0x000046d0      0x124 c:/maxim/toolchain/bin/../lib/gcc/arm-none-eabi/6.3.1/../../../../arm-none-eabi/lib/thumb/v7e-m/fpv4-sp/hard\libc.a(lib_a-mprec.o)
                0x000046d0                __multiply
 .text.__pow5mult
                0x000047f4       0xa0 c:/maxim/toolchain/bin/../lib/gcc/arm-none-eabi/6.3.1/../../../../arm-none-eabi/lib/thumb/v7e-m/fpv4-sp/hard\libc.a(lib_a-mprec.o)
                0x000047f4                __pow5mult
 .text.__lshift
                0x00004894       0xa4 c:/maxim/toolchain/bin/../lib/gcc/arm-none-eabi/6.3.1/../../../../arm-none-eabi/lib/thumb/v7e-m/fpv4-sp/hard\libc.a(lib_a-mprec.o)
                0x00004894                __lshift
 .text.__mcmp   0x00004938       0x38 c:/maxim/toolchain/bin/../lib/gcc/arm-none-eabi/6.3.1/../../../../arm-none-eabi/lib/thumb/v7e-m/fpv4-sp/hard\libc.a(lib_a-mprec.o)
                0x00004938                __mcmp
 .text.__mdiff  0x00004970      0x108 c:/maxim/toolchain/bin/../lib/gcc/arm-none-eabi/6.3.1/../../../../arm-none-eabi/lib/thumb/v7e-m/fpv4-sp/hard\libc.a(lib_a-mprec.o)
                0x00004970                __mdiff
 .text.__d2b    0x00004a78       0xbc c:/maxim/toolchain/bin/../lib/gcc/arm-none-eabi/6.3.1/../../../../arm-none-eabi/lib/thumb/v7e-m/fpv4-sp/hard\libc.a(lib_a-mprec.o)
                0x00004a78                __d2b
 .text._sbrk_r  0x00004b34       0x24 c:/maxim/toolchain/bin/../lib/gcc/arm-none-eabi/6.3.1/../../../../arm-none-eabi/lib/thumb/v7e-m/fpv4-sp/hard\libc.a(lib_a-sbrkr.o)
                0x00004b34                _sbrk_r
 .text.__sread  0x00004b58       0x24 c:/maxim/toolchain/bin/../lib/gcc/arm-none-eabi/6.3.1/../../../../arm-none-eabi/lib/thumb/v7e-m/fpv4-sp/hard\libc.a(lib_a-stdio.o)
                0x00004b58                __sread
 .text.__swrite
                0x00004b7c       0x3c c:/maxim/toolchain/bin/../lib/gcc/arm-none-eabi/6.3.1/../../../../arm-none-eabi/lib/thumb/v7e-m/fpv4-sp/hard\libc.a(lib_a-stdio.o)
                0x00004b7c                __swrite
 .text.__sseek  0x00004bb8       0x20 c:/maxim/toolchain/bin/../lib/gcc/arm-none-eabi/6.3.1/../../../../arm-none-eabi/lib/thumb/v7e-m/fpv4-sp/hard\libc.a(lib_a-stdio.o)
                0x00004bb8                __sseek
 .text.__sclose
                0x00004bd8        0x8 c:/maxim/toolchain/bin/../lib/gcc/arm-none-eabi/6.3.1/../../../../arm-none-eabi/lib/thumb/v7e-m/fpv4-sp/hard\libc.a(lib_a-stdio.o)
                0x00004bd8                __sclose
 *fill*         0x00004be0       0x20 
 .text          0x00004c00       0xdc c:/maxim/toolchain/bin/../lib/gcc/arm-none-eabi/6.3.1/../../../../arm-none-eabi/lib/thumb/v7e-m/fpv4-sp/hard\libc.a(lib_a-strlen.o)
                0x00004c00                strlen
 .text.__sprint_r.part.0
                0x00004cdc       0x80 c:/maxim/toolchain/bin/../lib/gcc/arm-none-eabi/6.3.1/../../../../arm-none-eabi/lib/thumb/v7e-m/fpv4-sp/hard\libc.a(lib_a-vfiprintf.o)
 .text.__sprint_r
                0x00004d5c       0x14 c:/maxim/toolchain/bin/../lib/gcc/arm-none-eabi/6.3.1/../../../../arm-none-eabi/lib/thumb/v7e-m/fpv4-sp/hard\libc.a(lib_a-vfiprintf.o)
                0x00004d5c                __sprint_r
 .text._write_r
                0x00004d70       0x2c c:/maxim/toolchain/bin/../lib/gcc/arm-none-eabi/6.3.1/../../../../arm-none-eabi/lib/thumb/v7e-m/fpv4-sp/hard\libc.a(lib_a-writer.o)
                0x00004d70                _write_r
 .text.__register_exitproc
                0x00004d9c       0xc4 c:/maxim/toolchain/bin/../lib/gcc/arm-none-eabi/6.3.1/../../../../arm-none-eabi/lib/thumb/v7e-m/fpv4-sp/hard\libc.a(lib_a-__atexit.o)
                0x00004d9c                __register_exitproc
 .text._calloc_r
                0x00004e60       0x60 c:/maxim/toolchain/bin/../lib/gcc/arm-none-eabi/6.3.1/../../../../arm-none-eabi/lib/thumb/v7e-m/fpv4-sp/hard\libc.a(lib_a-callocr.o)
                0x00004e60                _calloc_r
 .text._close_r
                0x00004ec0       0x24 c:/maxim/toolchain/bin/../lib/gcc/arm-none-eabi/6.3.1/../../../../arm-none-eabi/lib/thumb/v7e-m/fpv4-sp/hard\libc.a(lib_a-closer.o)
                0x00004ec0                _close_r
 .text._fclose_r
                0x00004ee4       0xc4 c:/maxim/toolchain/bin/../lib/gcc/arm-none-eabi/6.3.1/../../../../arm-none-eabi/lib/thumb/v7e-m/fpv4-sp/hard\libc.a(lib_a-fclose.o)
                0x00004ee4                _fclose_r
 .text.__fputwc
                0x00004fa8       0xa0 c:/maxim/toolchain/bin/../lib/gcc/arm-none-eabi/6.3.1/../../../../arm-none-eabi/lib/thumb/v7e-m/fpv4-sp/hard\libc.a(lib_a-fputwc.o)
                0x00004fa8                __fputwc
 .text._fputwc_r
                0x00005048       0x68 c:/maxim/toolchain/bin/../lib/gcc/arm-none-eabi/6.3.1/../../../../arm-none-eabi/lib/thumb/v7e-m/fpv4-sp/hard\libc.a(lib_a-fputwc.o)
                0x00005048                _fputwc_r
 .text._fstat_r
                0x000050b0       0x28 c:/maxim/toolchain/bin/../lib/gcc/arm-none-eabi/6.3.1/../../../../arm-none-eabi/lib/thumb/v7e-m/fpv4-sp/hard\libc.a(lib_a-fstatr.o)
                0x000050b0                _fstat_r
 .text.__sfvwrite_r
                0x000050d8      0x2f0 c:/maxim/toolchain/bin/../lib/gcc/arm-none-eabi/6.3.1/../../../../arm-none-eabi/lib/thumb/v7e-m/fpv4-sp/hard\libc.a(lib_a-fvwrite.o)
                0x000050d8                __sfvwrite_r
 .text._isatty_r
                0x000053c8       0x24 c:/maxim/toolchain/bin/../lib/gcc/arm-none-eabi/6.3.1/../../../../arm-none-eabi/lib/thumb/v7e-m/fpv4-sp/hard\libc.a(lib_a-isattyr.o)
                0x000053c8                _isatty_r
 .text.__locale_mb_cur_max
                0x000053ec       0x1c c:/maxim/toolchain/bin/../lib/gcc/arm-none-eabi/6.3.1/../../../../arm-none-eabi/lib/thumb/v7e-m/fpv4-sp/hard\libc.a(lib_a-locale.o)
                0x000053ec                __locale_mb_cur_max
 .text._lseek_r
                0x00005408       0x2c c:/maxim/toolchain/bin/../lib/gcc/arm-none-eabi/6.3.1/../../../../arm-none-eabi/lib/thumb/v7e-m/fpv4-sp/hard\libc.a(lib_a-lseekr.o)
                0x00005408                _lseek_r
 .text.__ascii_mbtowc
                0x00005434       0x2c c:/maxim/toolchain/bin/../lib/gcc/arm-none-eabi/6.3.1/../../../../arm-none-eabi/lib/thumb/v7e-m/fpv4-sp/hard\libc.a(lib_a-mbtowc_r.o)
                0x00005434                __ascii_mbtowc
 .text.memmove  0x00005460       0xc8 c:/maxim/toolchain/bin/../lib/gcc/arm-none-eabi/6.3.1/../../../../arm-none-eabi/lib/thumb/v7e-m/fpv4-sp/hard\libc.a(lib_a-memmove.o)
                0x00005460                memmove
 .text._read_r  0x00005528       0x2c c:/maxim/toolchain/bin/../lib/gcc/arm-none-eabi/6.3.1/../../../../arm-none-eabi/lib/thumb/v7e-m/fpv4-sp/hard\libc.a(lib_a-readr.o)
                0x00005528                _read_r
 .text._realloc_r
                0x00005554      0x34c c:/maxim/toolchain/bin/../lib/gcc/arm-none-eabi/6.3.1/../../../../arm-none-eabi/lib/thumb/v7e-m/fpv4-sp/hard\libc.a(lib_a-reallocr.o)
                0x00005554                _realloc_r
 .text.__swbuf_r
                0x000058a0       0xb0 c:/maxim/toolchain/bin/../lib/gcc/arm-none-eabi/6.3.1/../../../../arm-none-eabi/lib/thumb/v7e-m/fpv4-sp/hard\libc.a(lib_a-wbuf.o)
                0x000058a0                __swbuf_r
 .text._wcrtomb_r
                0x00005950       0x54 c:/maxim/toolchain/bin/../lib/gcc/arm-none-eabi/6.3.1/../../../../arm-none-eabi/lib/thumb/v7e-m/fpv4-sp/hard\libc.a(lib_a-wcrtomb.o)
                0x00005950                _wcrtomb_r
 .text.__ascii_wctomb
                0x000059a4       0x1c c:/maxim/toolchain/bin/../lib/gcc/arm-none-eabi/6.3.1/../../../../arm-none-eabi/lib/thumb/v7e-m/fpv4-sp/hard\libc.a(lib_a-wctomb_r.o)
                0x000059a4                __ascii_wctomb
 .text          0x000059c0      0x370 c:/maxim/toolchain/bin/../lib/gcc/arm-none-eabi/6.3.1/thumb/v7e-m/fpv4-sp/hard\libgcc.a(_arm_addsubdf3.o)
                0x000059c0                __aeabi_drsub
                0x000059c8                __aeabi_dsub
                0x000059c8                __subdf3
                0x000059cc                __aeabi_dadd
                0x000059cc                __adddf3
                0x00005c44                __floatunsidf
                0x00005c44                __aeabi_ui2d
                0x00005c64                __floatsidf
                0x00005c64                __aeabi_i2d
                0x00005c88                __aeabi_f2d
                0x00005c88                __extendsfdf2
                0x00005cc4                __floatundidf
                0x00005cc4                __aeabi_ul2d
                0x00005cd4                __floatdidf
                0x00005cd4                __aeabi_l2d
 .text          0x00005d30      0x424 c:/maxim/toolchain/bin/../lib/gcc/arm-none-eabi/6.3.1/thumb/v7e-m/fpv4-sp/hard\libgcc.a(_arm_muldivdf3.o)
                0x00005d30                __aeabi_dmul
                0x00005d30                __muldf3
                0x00005f84                __divdf3
                0x00005f84                __aeabi_ddiv
 .text          0x00006154      0x110 c:/maxim/toolchain/bin/../lib/gcc/arm-none-eabi/6.3.1/thumb/v7e-m/fpv4-sp/hard\libgcc.a(_arm_cmpdf2.o)
                0x00006154                __gtdf2
                0x00006154                __gedf2
                0x0000615c                __ltdf2
                0x0000615c                __ledf2
                0x00006164                __nedf2
                0x00006164                __eqdf2
                0x00006164                __cmpdf2
                0x000061e0                __aeabi_cdrcmple
                0x000061f0                __aeabi_cdcmpeq
                0x000061f0                __aeabi_cdcmple
                0x00006200                __aeabi_dcmpeq
                0x00006214                __aeabi_dcmplt
                0x00006228                __aeabi_dcmple
                0x0000623c                __aeabi_dcmpge
                0x00006250                __aeabi_dcmpgt
 .text          0x00006264       0x2c c:/maxim/toolchain/bin/../lib/gcc/arm-none-eabi/6.3.1/thumb/v7e-m/fpv4-sp/hard\libgcc.a(_arm_unorddf2.o)
                0x00006264                __unorddf2
                0x00006264                __aeabi_dcmpun
 .text          0x00006290       0x50 c:/maxim/toolchain/bin/../lib/gcc/arm-none-eabi/6.3.1/thumb/v7e-m/fpv4-sp/hard\libgcc.a(_arm_fixdfsi.o)
                0x00006290                __aeabi_d2iz
                0x00006290                __fixdfsi
 .text          0x000062e0       0x30 c:/maxim/toolchain/bin/../lib/gcc/arm-none-eabi/6.3.1/thumb/v7e-m/fpv4-sp/hard\libgcc.a(_aeabi_uldivmod.o)
                0x000062e0                __aeabi_uldivmod
 .text          0x00006310      0x2dc c:/maxim/toolchain/bin/../lib/gcc/arm-none-eabi/6.3.1/thumb/v7e-m/fpv4-sp/hard\libgcc.a(_udivmoddi4.o)
                0x00006310                __udivmoddi4
 .text          0x000065ec        0x4 c:/maxim/toolchain/bin/../lib/gcc/arm-none-eabi/6.3.1/thumb/v7e-m/fpv4-sp/hard\libgcc.a(_dvmd_tls.o)
                0x000065ec                __aeabi_idiv0
                0x000065ec                __aeabi_ldiv0
 *(.rodata*)
 .rodata.Board_Init.str1.4
                0x000065f0       0x49 c:/Users/Sorsly/Documents/remote/ringRemote/eclipse/ringRemote/build/board.o
 *fill*         0x00006639        0x3 
 .rodata.console_uart_cfg
                0x0000663c       0x10 c:/Users/Sorsly/Documents/remote/ringRemote/eclipse/ringRemote/build/board.o
                0x0000663c                console_uart_cfg
 .rodata.console_uart_sys_cfg
                0x0000664c        0x2 c:/Users/Sorsly/Documents/remote/ringRemote/eclipse/ringRemote/build/board.o
                0x0000664c                console_uart_sys_cfg
 *fill*         0x0000664e        0x2 
 .rodata.led_pin
                0x00006650        0xc c:/Users/Sorsly/Documents/remote/ringRemote/eclipse/ringRemote/build/board.o
                0x00006650                led_pin
 .rodata.mxc_assert.str1.4
                0x0000665c       0x19 c:/Users/Sorsly/Documents/remote/ringRemote/eclipse/ringRemote/build/board.o
 *fill*         0x00006675        0x3 
 .rodata.num_leds
                0x00006678        0x4 c:/Users/Sorsly/Documents/remote/ringRemote/eclipse/ringRemote/build/board.o
                0x00006678                num_leds
 .rodata.num_pbs
                0x0000667c        0x4 c:/Users/Sorsly/Documents/remote/ringRemote/eclipse/ringRemote/build/board.o
                0x0000667c                num_pbs
 .rodata.pb_pin
                0x00006680        0xc c:/Users/Sorsly/Documents/remote/ringRemote/eclipse/ringRemote/build/board.o
                0x00006680                pb_pin
 .rodata.LED_On.str1.4
                0x0000668c       0x57 c:/Users/Sorsly/Documents/remote/ringRemote/eclipse/ringRemote/build/led.o
 *fill*         0x000066e3        0x1 
 .rodata.GPIO_Handler.str1.4
                0x000066e4       0x2e c:/Users/Sorsly/Documents/remote/ringRemote/eclipse/ringRemote/build/PeriphDriver/PeriphDriver.a(gpio.o)
 *fill*         0x00006712        0x2 
 .rodata.gpio_cfg_tmr0
                0x00006714        0xc c:/Users/Sorsly/Documents/remote/ringRemote/eclipse/ringRemote/build/PeriphDriver/PeriphDriver.a(mxc_pins.o)
                0x00006714                gpio_cfg_tmr0
 .rodata.gpio_cfg_uart0a
                0x00006720        0xc c:/Users/Sorsly/Documents/remote/ringRemote/eclipse/ringRemote/build/PeriphDriver/PeriphDriver.a(mxc_pins.o)
                0x00006720                gpio_cfg_uart0a
 .rodata.gpio_cfg_uart0rtscts
                0x0000672c        0xc c:/Users/Sorsly/Documents/remote/ringRemote/eclipse/ringRemote/build/PeriphDriver/PeriphDriver.a(mxc_pins.o)
                0x0000672c                gpio_cfg_uart0rtscts
 .rodata.gpio_cfg_uart1a
                0x00006738        0xc c:/Users/Sorsly/Documents/remote/ringRemote/eclipse/ringRemote/build/PeriphDriver/PeriphDriver.a(mxc_pins.o)
                0x00006738                gpio_cfg_uart1a
 .rodata.gpio_cfg_uart1b
                0x00006744        0xc c:/Users/Sorsly/Documents/remote/ringRemote/eclipse/ringRemote/build/PeriphDriver/PeriphDriver.a(mxc_pins.o)
                0x00006744                gpio_cfg_uart1b
 .rodata.gpio_cfg_uart1c
                0x00006750        0xc c:/Users/Sorsly/Documents/remote/ringRemote/eclipse/ringRemote/build/PeriphDriver/PeriphDriver.a(mxc_pins.o)
                0x00006750                gpio_cfg_uart1c
 .rodata.gpio_cfg_uart1rtscts
                0x0000675c        0xc c:/Users/Sorsly/Documents/remote/ringRemote/eclipse/ringRemote/build/PeriphDriver/PeriphDriver.a(mxc_pins.o)
                0x0000675c                gpio_cfg_uart1rtscts
 .rodata.TMR_Init.str1.4
                0x00006768       0x14 c:/Users/Sorsly/Documents/remote/ringRemote/eclipse/ringRemote/build/PeriphDriver/PeriphDriver.a(tmr.o)
 .rodata._global_impure_ptr
                0x0000677c        0x4 c:/maxim/toolchain/bin/../lib/gcc/arm-none-eabi/6.3.1/../../../../arm-none-eabi/lib/thumb/v7e-m/fpv4-sp/hard\libc.a(lib_a-impure.o)
                0x0000677c                _global_impure_ptr
 .rodata._vfprintf_r.str1.4
                0x00006780       0x42 c:/maxim/toolchain/bin/../lib/gcc/arm-none-eabi/6.3.1/../../../../arm-none-eabi/lib/thumb/v7e-m/fpv4-sp/hard\libc.a(lib_a-vfprintf.o)
 *fill*         0x000067c2        0x2 
 .rodata.blanks.8366
                0x000067c4       0x10 c:/maxim/toolchain/bin/../lib/gcc/arm-none-eabi/6.3.1/../../../../arm-none-eabi/lib/thumb/v7e-m/fpv4-sp/hard\libc.a(lib_a-vfprintf.o)
 .rodata.zeroes.8367
                0x000067d4       0x10 c:/maxim/toolchain/bin/../lib/gcc/arm-none-eabi/6.3.1/../../../../arm-none-eabi/lib/thumb/v7e-m/fpv4-sp/hard\libc.a(lib_a-vfprintf.o)
 .rodata._dtoa_r.str1.4
                0x000067e4       0x10 c:/maxim/toolchain/bin/../lib/gcc/arm-none-eabi/6.3.1/../../../../arm-none-eabi/lib/thumb/v7e-m/fpv4-sp/hard\libc.a(lib_a-dtoa.o)
                                 0x12 (size before relaxing)
 *fill*         0x000067f4        0x4 
 .rodata.__mprec_bigtens
                0x000067f8       0x28 c:/maxim/toolchain/bin/../lib/gcc/arm-none-eabi/6.3.1/../../../../arm-none-eabi/lib/thumb/v7e-m/fpv4-sp/hard\libc.a(lib_a-mprec.o)
                0x000067f8                __mprec_bigtens
 .rodata.__mprec_tens
                0x00006820       0xc8 c:/maxim/toolchain/bin/../lib/gcc/arm-none-eabi/6.3.1/../../../../arm-none-eabi/lib/thumb/v7e-m/fpv4-sp/hard\libc.a(lib_a-mprec.o)
                0x00006820                __mprec_tens
 .rodata.p05.7183
                0x000068e8        0xc c:/maxim/toolchain/bin/../lib/gcc/arm-none-eabi/6.3.1/../../../../arm-none-eabi/lib/thumb/v7e-m/fpv4-sp/hard\libc.a(lib_a-mprec.o)
 .rodata._setlocale_r.str1.4
                0x000068f4        0xa c:/maxim/toolchain/bin/../lib/gcc/arm-none-eabi/6.3.1/../../../../arm-none-eabi/lib/thumb/v7e-m/fpv4-sp/hard\libc.a(lib_a-locale.o)
                                  0xd (size before relaxing)
 *fill*         0x000068fe        0x2 
 .rodata.str1.4
                0x00006900        0x4 c:/maxim/toolchain/bin/../lib/gcc/arm-none-eabi/6.3.1/../../../../arm-none-eabi/lib/thumb/v7e-m/fpv4-sp/hard\libc.a(lib_a-locale.o)
                                  0x2 (size before relaxing)
 .rodata._ctype_
                0x00006904      0x101 c:/maxim/toolchain/bin/../lib/gcc/arm-none-eabi/6.3.1/../../../../arm-none-eabi/lib/thumb/v7e-m/fpv4-sp/hard\libc.a(lib_a-ctype_.o)
                0x00006904                _ctype_
 *(.init)
 *fill*         0x00006a05        0x3 
 .init          0x00006a08        0x4 c:/maxim/toolchain/bin/../lib/gcc/arm-none-eabi/6.3.1/thumb/v7e-m/fpv4-sp/hard/crti.o
                0x00006a08                _init
 .init          0x00006a0c        0x8 c:/maxim/toolchain/bin/../lib/gcc/arm-none-eabi/6.3.1/thumb/v7e-m/fpv4-sp/hard/crtn.o
 *(.fini)
 .fini          0x00006a14        0x4 c:/maxim/toolchain/bin/../lib/gcc/arm-none-eabi/6.3.1/thumb/v7e-m/fpv4-sp/hard/crti.o
                0x00006a14                _fini
 .fini          0x00006a18        0x8 c:/maxim/toolchain/bin/../lib/gcc/arm-none-eabi/6.3.1/thumb/v7e-m/fpv4-sp/hard/crtn.o
 *(.eh_frame*)
 .eh_frame      0x00006a20        0x0 c:/maxim/toolchain/bin/../lib/gcc/arm-none-eabi/6.3.1/thumb/v7e-m/fpv4-sp/hard/crtbegin.o
 .eh_frame      0x00006a20        0x4 c:/maxim/toolchain/bin/../lib/gcc/arm-none-eabi/6.3.1/thumb/v7e-m/fpv4-sp/hard/crtend.o
                0x00006a24                _etext = .

.glue_7         0x00006a24        0x0
 .glue_7        0x00006a24        0x0 linker stubs

.glue_7t        0x00006a24        0x0
 .glue_7t       0x00006a24        0x0 linker stubs

.vfp11_veneer   0x00006a24        0x0
 .vfp11_veneer  0x00006a24        0x0 linker stubs

.v4_bx          0x00006a24        0x0
 .v4_bx         0x00006a24        0x0 linker stubs

.iplt           0x00006a24        0x0
 .iplt          0x00006a24        0x0 c:/maxim/toolchain/bin/../lib/gcc/arm-none-eabi/6.3.1/thumb/v7e-m/fpv4-sp/hard/crtbegin.o

.ARM.exidx      0x00006a24        0x8
                0x00006a24                __exidx_start = .
 *(.ARM.exidx*)
 .ARM.exidx     0x00006a24        0x8 c:/maxim/toolchain/bin/../lib/gcc/arm-none-eabi/6.3.1/thumb/v7e-m/fpv4-sp/hard\libgcc.a(_udivmoddi4.o)
                0x00006a2c                __exidx_end = .

.rel.dyn        0x00006a2c        0x0
 .rel.iplt      0x00006a2c        0x0 c:/maxim/toolchain/bin/../lib/gcc/arm-none-eabi/6.3.1/thumb/v7e-m/fpv4-sp/hard/crtbegin.o

.data           0x20000000      0x9c4 load address 0x00006a2c
                0x20000000                _data = ALIGN (., 0x4)
 *(.data*)
 .data.ConsoleUART
                0x20000000        0x4 c:/Users/Sorsly/Documents/remote/ringRemote/eclipse/ringRemote/build/board.o
                0x20000000                ConsoleUART
 .data.SystemCoreClock
                0x20000004        0x4 c:/Users/Sorsly/Documents/remote/ringRemote/eclipse/ringRemote/build/system_max32660.o
                0x20000004                SystemCoreClock
 .data.overflows
                0x20000008        0x4 c:/Users/Sorsly/Documents/remote/ringRemote/eclipse/ringRemote/build/PeriphDriver/PeriphDriver.a(mxc_delay.o)
 .data._impure_ptr
                0x2000000c        0x4 c:/maxim/toolchain/bin/../lib/gcc/arm-none-eabi/6.3.1/../../../../arm-none-eabi/lib/thumb/v7e-m/fpv4-sp/hard\libc.a(lib_a-impure.o)
                0x2000000c                _impure_ptr
 .data.impure_data
                0x20000010      0x428 c:/maxim/toolchain/bin/../lib/gcc/arm-none-eabi/6.3.1/../../../../arm-none-eabi/lib/thumb/v7e-m/fpv4-sp/hard\libc.a(lib_a-impure.o)
 .data.__atexit_recursive_mutex
                0x20000438        0x4 c:/maxim/toolchain/bin/../lib/gcc/arm-none-eabi/6.3.1/../../../../arm-none-eabi/lib/thumb/v7e-m/fpv4-sp/hard\libc.a(lib_a-__call_atexit.o)
                0x20000438                __atexit_recursive_mutex
 .data.__malloc_av_
                0x2000043c      0x408 c:/maxim/toolchain/bin/../lib/gcc/arm-none-eabi/6.3.1/../../../../arm-none-eabi/lib/thumb/v7e-m/fpv4-sp/hard\libc.a(lib_a-mallocr.o)
                0x2000043c                __malloc_av_
 .data.__malloc_sbrk_base
                0x20000844        0x4 c:/maxim/toolchain/bin/../lib/gcc/arm-none-eabi/6.3.1/../../../../arm-none-eabi/lib/thumb/v7e-m/fpv4-sp/hard\libc.a(lib_a-mallocr.o)
                0x20000844                __malloc_sbrk_base
 .data.__malloc_trim_threshold
                0x20000848        0x4 c:/maxim/toolchain/bin/../lib/gcc/arm-none-eabi/6.3.1/../../../../arm-none-eabi/lib/thumb/v7e-m/fpv4-sp/hard\libc.a(lib_a-mallocr.o)
                0x20000848                __malloc_trim_threshold
 .data.__global_locale
                0x2000084c      0x16c c:/maxim/toolchain/bin/../lib/gcc/arm-none-eabi/6.3.1/../../../../arm-none-eabi/lib/thumb/v7e-m/fpv4-sp/hard\libc.a(lib_a-locale.o)
                0x2000084c                __global_locale
 *(.spix_config*)
                0x200009b8                . = ALIGN (0x4)
                0x200009b8                PROVIDE (__preinit_array_start, .)
 *(.preinit_array)
                0x200009b8                PROVIDE (__preinit_array_end, .)
                0x200009b8                . = ALIGN (0x4)
                0x200009b8                PROVIDE (__init_array_start, .)
 *(SORT(.init_array.*))
 .init_array.00000
                0x200009b8        0x4 c:/maxim/toolchain/bin/../lib/gcc/arm-none-eabi/6.3.1/../../../../arm-none-eabi/lib/thumb/v7e-m/fpv4-sp/hard\libc.a(lib_a-__call_atexit.o)
 *(.init_array)
 .init_array    0x200009bc        0x4 c:/maxim/toolchain/bin/../lib/gcc/arm-none-eabi/6.3.1/thumb/v7e-m/fpv4-sp/hard/crtbegin.o
                0x200009c0                PROVIDE (__init_array_end, .)
                0x200009c0                . = ALIGN (0x4)
                0x200009c0                PROVIDE (__fini_array_start, .)
 *(SORT(.fini_array.*))
 *(.fini_array)
 .fini_array    0x200009c0        0x4 c:/maxim/toolchain/bin/../lib/gcc/arm-none-eabi/6.3.1/thumb/v7e-m/fpv4-sp/hard/crtbegin.o
                0x200009c4                PROVIDE (__fini_array_end, .)
                0x200009c4                _edata = ALIGN (., 0x4)
                0x00006a2c                __load_data = LOADADDR (.data)

.jcr            0x200009c4        0x0 load address 0x000073f0
 .jcr           0x200009c4        0x0 c:/maxim/toolchain/bin/../lib/gcc/arm-none-eabi/6.3.1/thumb/v7e-m/fpv4-sp/hard/crtbegin.o

.igot.plt       0x200009c4        0x0 load address 0x000073f0
 .igot.plt      0x200009c4        0x0 c:/maxim/toolchain/bin/../lib/gcc/arm-none-eabi/6.3.1/thumb/v7e-m/fpv4-sp/hard/crtbegin.o

.bss            0x200009c4      0x104 load address 0x000073f0
                0x200009c4                . = ALIGN (0x4)
                0x200009c4                _bss = .
 *(.bss*)
 .bss           0x200009c4       0x1c c:/maxim/toolchain/bin/../lib/gcc/arm-none-eabi/6.3.1/thumb/v7e-m/fpv4-sp/hard/crtbegin.o
 .bss.heap_end  0x200009e0        0x4 c:/Users/Sorsly/Documents/remote/ringRemote/eclipse/ringRemote/build/heap.o
 .bss.rx_states
                0x200009e4        0x8 c:/Users/Sorsly/Documents/remote/ringRemote/eclipse/ringRemote/build/PeriphDriver/PeriphDriver.a(uart.o)
 .bss.tx_states
                0x200009ec        0x8 c:/Users/Sorsly/Documents/remote/ringRemote/eclipse/ringRemote/build/PeriphDriver/PeriphDriver.a(uart.o)
 .bss.callback  0x200009f4       0x38 c:/Users/Sorsly/Documents/remote/ringRemote/eclipse/ringRemote/build/PeriphDriver/PeriphDriver.a(gpio.o)
 .bss.cbparam   0x20000a2c       0x38 c:/Users/Sorsly/Documents/remote/ringRemote/eclipse/ringRemote/build/PeriphDriver/PeriphDriver.a(gpio.o)
 .bss.ctrl_save
                0x20000a64        0x4 c:/Users/Sorsly/Documents/remote/ringRemote/eclipse/ringRemote/build/PeriphDriver/PeriphDriver.a(mxc_delay.o)
 .bss.endtick   0x20000a68        0x4 c:/Users/Sorsly/Documents/remote/ringRemote/eclipse/ringRemote/build/PeriphDriver/PeriphDriver.a(mxc_delay.o)
 .bss.__malloc_current_mallinfo
                0x20000a6c       0x28 c:/maxim/toolchain/bin/../lib/gcc/arm-none-eabi/6.3.1/../../../../arm-none-eabi/lib/thumb/v7e-m/fpv4-sp/hard\libc.a(lib_a-mallocr.o)
                0x20000a6c                __malloc_current_mallinfo
 .bss.__malloc_max_sbrked_mem
                0x20000a94        0x4 c:/maxim/toolchain/bin/../lib/gcc/arm-none-eabi/6.3.1/../../../../arm-none-eabi/lib/thumb/v7e-m/fpv4-sp/hard\libc.a(lib_a-mallocr.o)
                0x20000a94                __malloc_max_sbrked_mem
 .bss.__malloc_max_total_mem
                0x20000a98        0x4 c:/maxim/toolchain/bin/../lib/gcc/arm-none-eabi/6.3.1/../../../../arm-none-eabi/lib/thumb/v7e-m/fpv4-sp/hard\libc.a(lib_a-mallocr.o)
                0x20000a98                __malloc_max_total_mem
 .bss.__malloc_top_pad
                0x20000a9c        0x4 c:/maxim/toolchain/bin/../lib/gcc/arm-none-eabi/6.3.1/../../../../arm-none-eabi/lib/thumb/v7e-m/fpv4-sp/hard\libc.a(lib_a-mallocr.o)
                0x20000a9c                __malloc_top_pad
 *(COMMON)
 COMMON         0x20000aa0       0x21 c:/maxim/toolchain/bin/../lib/gcc/arm-none-eabi/6.3.1/../../../../arm-none-eabi/lib/thumb/v7e-m/fpv4-sp/hard\libc.a(lib_a-lock.o)
                0x20000aa0                __lock___atexit_recursive_mutex
                0x20000aa4                __lock___arc4random_mutex
                0x20000aa8                __lock___env_recursive_mutex
                0x20000aac                __lock___sinit_recursive_mutex
                0x20000ab0                __lock___malloc_recursive_mutex
                0x20000ab4                __lock___at_quick_exit_mutex
                0x20000ab8                __lock___dd_hash_mutex
                0x20000abc                __lock___tz_mutex
                0x20000ac0                __lock___sfp_recursive_mutex
 *fill*         0x20000ac1        0x3 
 COMMON         0x20000ac4        0x4 c:/maxim/toolchain/bin/../lib/gcc/arm-none-eabi/6.3.1/../../../../arm-none-eabi/lib/thumb/v7e-m/fpv4-sp/hard\libc.a(lib_a-reent.o)
                0x20000ac4                errno
                0x20000ac8                _ebss = ALIGN (., 0x4)
                0x20018000                __StackTop = (ORIGIN (SRAM) + LENGTH (SRAM))
                0x20017000                __StackLimit = (__StackTop - SIZEOF (.stack_dummy))

.stack_dummy    0x20000ac8     0x1000 load address 0x000073f0
 *(.stack*)
 .stack         0x20000ac8     0x1000 c:/Users/Sorsly/Documents/remote/ringRemote/eclipse/ringRemote/build/startup_max32660.o

.heap           0x20000ac8      0xc00 load address 0x000073f0
                0x20000ac8                . = ALIGN (0x4)
 *(.heap*)
 .heap          0x20000ac8      0xc00 c:/Users/Sorsly/Documents/remote/ringRemote/eclipse/ringRemote/build/startup_max32660.o
                0x20000ac8                __HeapBase
                0x20017000                __HeapLimit = ABSOLUTE (__StackLimit)
                0x20018000                PROVIDE (__stack, __StackTop)
                0x00000001                ASSERT ((__StackLimit >= _ebss), region RAM overflowed with stack)
OUTPUT(c:/Users/Sorsly/Documents/remote/ringRemote/eclipse/ringRemote/build/ringRemote.elf elf32-littlearm)

.ARM.attributes
                0x00000000       0x30
 .ARM.attributes
                0x00000000       0x22 c:/maxim/toolchain/bin/../lib/gcc/arm-none-eabi/6.3.1/thumb/v7e-m/fpv4-sp/hard/crti.o
 .ARM.attributes
                0x00000022       0x34 c:/maxim/toolchain/bin/../lib/gcc/arm-none-eabi/6.3.1/thumb/v7e-m/fpv4-sp/hard/crtbegin.o
 .ARM.attributes
                0x00000056       0x39 c:/Users/Sorsly/Documents/remote/ringRemote/eclipse/ringRemote/build/main.o
 .ARM.attributes
                0x0000008f       0x39 c:/Users/Sorsly/Documents/remote/ringRemote/eclipse/ringRemote/build/board.o
 .ARM.attributes
                0x000000c8       0x39 c:/Users/Sorsly/Documents/remote/ringRemote/eclipse/ringRemote/build/stdio.o
 .ARM.attributes
                0x00000101       0x39 c:/Users/Sorsly/Documents/remote/ringRemote/eclipse/ringRemote/build/led.o
 .ARM.attributes
                0x0000013a       0x39 c:/Users/Sorsly/Documents/remote/ringRemote/eclipse/ringRemote/build/pb.o
 .ARM.attributes
                0x00000173       0x1b c:/Users/Sorsly/Documents/remote/ringRemote/eclipse/ringRemote/build/startup_max32660.o
 .ARM.attributes
                0x0000018e       0x39 c:/Users/Sorsly/Documents/remote/ringRemote/eclipse/ringRemote/build/heap.o
 .ARM.attributes
                0x000001c7       0x39 c:/Users/Sorsly/Documents/remote/ringRemote/eclipse/ringRemote/build/system_max32660.o
 .ARM.attributes
                0x00000200       0x39 c:/Users/Sorsly/Documents/remote/ringRemote/eclipse/ringRemote/build/PeriphDriver/PeriphDriver.a(uart.o)
 .ARM.attributes
                0x00000239       0x39 c:/Users/Sorsly/Documents/remote/ringRemote/eclipse/ringRemote/build/PeriphDriver/PeriphDriver.a(gpio.o)
 .ARM.attributes
                0x00000272       0x39 c:/Users/Sorsly/Documents/remote/ringRemote/eclipse/ringRemote/build/PeriphDriver/PeriphDriver.a(mxc_delay.o)
 .ARM.attributes
                0x000002ab       0x39 c:/Users/Sorsly/Documents/remote/ringRemote/eclipse/ringRemote/build/PeriphDriver/PeriphDriver.a(mxc_sys.o)
 .ARM.attributes
                0x000002e4       0x39 c:/Users/Sorsly/Documents/remote/ringRemote/eclipse/ringRemote/build/PeriphDriver/PeriphDriver.a(mxc_pins.o)
 .ARM.attributes
                0x0000031d       0x39 c:/Users/Sorsly/Documents/remote/ringRemote/eclipse/ringRemote/build/PeriphDriver/PeriphDriver.a(tmr.o)
 .ARM.attributes
                0x00000356       0x34 c:/maxim/toolchain/bin/../lib/gcc/arm-none-eabi/6.3.1/../../../../arm-none-eabi/lib/thumb/v7e-m/fpv4-sp/hard\libc.a(lib_a-errno.o)
 .ARM.attributes
                0x0000038a       0x34 c:/maxim/toolchain/bin/../lib/gcc/arm-none-eabi/6.3.1/../../../../arm-none-eabi/lib/thumb/v7e-m/fpv4-sp/hard\libc.a(lib_a-impure.o)
 .ARM.attributes
                0x000003be       0x34 c:/maxim/toolchain/bin/../lib/gcc/arm-none-eabi/6.3.1/../../../../arm-none-eabi/lib/thumb/v7e-m/fpv4-sp/hard\libc.a(lib_a-init.o)
 .ARM.attributes
                0x000003f2       0x34 c:/maxim/toolchain/bin/../lib/gcc/arm-none-eabi/6.3.1/../../../../arm-none-eabi/lib/thumb/v7e-m/fpv4-sp/hard\libc.a(lib_a-memset.o)
 .ARM.attributes
                0x00000426       0x34 c:/maxim/toolchain/bin/../lib/gcc/arm-none-eabi/6.3.1/../../../../arm-none-eabi/lib/thumb/v7e-m/fpv4-sp/hard\libc.a(lib_a-printf.o)
 .ARM.attributes
                0x0000045a       0x34 c:/maxim/toolchain/bin/../lib/gcc/arm-none-eabi/6.3.1/../../../../arm-none-eabi/lib/thumb/v7e-m/fpv4-sp/hard\libc.a(lib_a-vfprintf.o)
 .ARM.attributes
                0x0000048e       0x34 c:/maxim/toolchain/bin/../lib/gcc/arm-none-eabi/6.3.1/../../../../arm-none-eabi/lib/thumb/v7e-m/fpv4-sp/hard\libc.a(lib_a-wsetup.o)
 .ARM.attributes
                0x000004c2       0x34 c:/maxim/toolchain/bin/../lib/gcc/arm-none-eabi/6.3.1/../../../../arm-none-eabi/lib/thumb/v7e-m/fpv4-sp/hard\libc.a(lib_a-__call_atexit.o)
 .ARM.attributes
                0x000004f6       0x34 c:/maxim/toolchain/bin/../lib/gcc/arm-none-eabi/6.3.1/../../../../arm-none-eabi/lib/thumb/v7e-m/fpv4-sp/hard\libc.a(lib_a-atexit.o)
 .ARM.attributes
                0x0000052a       0x34 c:/maxim/toolchain/bin/../lib/gcc/arm-none-eabi/6.3.1/../../../../arm-none-eabi/lib/thumb/v7e-m/fpv4-sp/hard\libc.a(lib_a-dtoa.o)
 .ARM.attributes
                0x0000055e       0x34 c:/maxim/toolchain/bin/../lib/gcc/arm-none-eabi/6.3.1/../../../../arm-none-eabi/lib/thumb/v7e-m/fpv4-sp/hard\libc.a(lib_a-fflush.o)
 .ARM.attributes
                0x00000592       0x34 c:/maxim/toolchain/bin/../lib/gcc/arm-none-eabi/6.3.1/../../../../arm-none-eabi/lib/thumb/v7e-m/fpv4-sp/hard\libc.a(lib_a-findfp.o)
 .ARM.attributes
                0x000005c6       0x34 c:/maxim/toolchain/bin/../lib/gcc/arm-none-eabi/6.3.1/../../../../arm-none-eabi/lib/thumb/v7e-m/fpv4-sp/hard\libc.a(lib_a-fini.o)
 .ARM.attributes
                0x000005fa       0x34 c:/maxim/toolchain/bin/../lib/gcc/arm-none-eabi/6.3.1/../../../../arm-none-eabi/lib/thumb/v7e-m/fpv4-sp/hard\libc.a(lib_a-freer.o)
 .ARM.attributes
                0x0000062e       0x34 c:/maxim/toolchain/bin/../lib/gcc/arm-none-eabi/6.3.1/../../../../arm-none-eabi/lib/thumb/v7e-m/fpv4-sp/hard\libc.a(lib_a-fwalk.o)
 .ARM.attributes
                0x00000662       0x34 c:/maxim/toolchain/bin/../lib/gcc/arm-none-eabi/6.3.1/../../../../arm-none-eabi/lib/thumb/v7e-m/fpv4-sp/hard\libc.a(lib_a-localeconv.o)
 .ARM.attributes
                0x00000696       0x34 c:/maxim/toolchain/bin/../lib/gcc/arm-none-eabi/6.3.1/../../../../arm-none-eabi/lib/thumb/v7e-m/fpv4-sp/hard\libc.a(lib_a-lock.o)
 .ARM.attributes
                0x000006ca       0x34 c:/maxim/toolchain/bin/../lib/gcc/arm-none-eabi/6.3.1/../../../../arm-none-eabi/lib/thumb/v7e-m/fpv4-sp/hard\libc.a(lib_a-makebuf.o)
 .ARM.attributes
                0x000006fe       0x34 c:/maxim/toolchain/bin/../lib/gcc/arm-none-eabi/6.3.1/../../../../arm-none-eabi/lib/thumb/v7e-m/fpv4-sp/hard\libc.a(lib_a-mallocr.o)
 .ARM.attributes
                0x00000732       0x20 c:/maxim/toolchain/bin/../lib/gcc/arm-none-eabi/6.3.1/../../../../arm-none-eabi/lib/thumb/v7e-m/fpv4-sp/hard\libc.a(lib_a-memchr.o)
 .ARM.attributes
                0x00000752       0x20 c:/maxim/toolchain/bin/../lib/gcc/arm-none-eabi/6.3.1/../../../../arm-none-eabi/lib/thumb/v7e-m/fpv4-sp/hard\libc.a(lib_a-memcpy.o)
 .ARM.attributes
                0x00000772       0x34 c:/maxim/toolchain/bin/../lib/gcc/arm-none-eabi/6.3.1/../../../../arm-none-eabi/lib/thumb/v7e-m/fpv4-sp/hard\libc.a(lib_a-mlock.o)
 .ARM.attributes
                0x000007a6       0x34 c:/maxim/toolchain/bin/../lib/gcc/arm-none-eabi/6.3.1/../../../../arm-none-eabi/lib/thumb/v7e-m/fpv4-sp/hard\libc.a(lib_a-mprec.o)
 .ARM.attributes
                0x000007da       0x34 c:/maxim/toolchain/bin/../lib/gcc/arm-none-eabi/6.3.1/../../../../arm-none-eabi/lib/thumb/v7e-m/fpv4-sp/hard\libc.a(lib_a-sbrkr.o)
 .ARM.attributes
                0x0000080e       0x34 c:/maxim/toolchain/bin/../lib/gcc/arm-none-eabi/6.3.1/../../../../arm-none-eabi/lib/thumb/v7e-m/fpv4-sp/hard\libc.a(lib_a-stdio.o)
 .ARM.attributes
                0x00000842       0x20 c:/maxim/toolchain/bin/../lib/gcc/arm-none-eabi/6.3.1/../../../../arm-none-eabi/lib/thumb/v7e-m/fpv4-sp/hard\libc.a(lib_a-strlen.o)
 .ARM.attributes
                0x00000862       0x34 c:/maxim/toolchain/bin/../lib/gcc/arm-none-eabi/6.3.1/../../../../arm-none-eabi/lib/thumb/v7e-m/fpv4-sp/hard\libc.a(lib_a-vfiprintf.o)
 .ARM.attributes
                0x00000896       0x34 c:/maxim/toolchain/bin/../lib/gcc/arm-none-eabi/6.3.1/../../../../arm-none-eabi/lib/thumb/v7e-m/fpv4-sp/hard\libc.a(lib_a-writer.o)
 .ARM.attributes
                0x000008ca       0x34 c:/maxim/toolchain/bin/../lib/gcc/arm-none-eabi/6.3.1/../../../../arm-none-eabi/lib/thumb/v7e-m/fpv4-sp/hard\libc.a(lib_a-__atexit.o)
 .ARM.attributes
                0x000008fe       0x34 c:/maxim/toolchain/bin/../lib/gcc/arm-none-eabi/6.3.1/../../../../arm-none-eabi/lib/thumb/v7e-m/fpv4-sp/hard\libc.a(lib_a-callocr.o)
 .ARM.attributes
                0x00000932       0x34 c:/maxim/toolchain/bin/../lib/gcc/arm-none-eabi/6.3.1/../../../../arm-none-eabi/lib/thumb/v7e-m/fpv4-sp/hard\libc.a(lib_a-closer.o)
 .ARM.attributes
                0x00000966       0x34 c:/maxim/toolchain/bin/../lib/gcc/arm-none-eabi/6.3.1/../../../../arm-none-eabi/lib/thumb/v7e-m/fpv4-sp/hard\libc.a(lib_a-fclose.o)
 .ARM.attributes
                0x0000099a       0x34 c:/maxim/toolchain/bin/../lib/gcc/arm-none-eabi/6.3.1/../../../../arm-none-eabi/lib/thumb/v7e-m/fpv4-sp/hard\libc.a(lib_a-fputwc.o)
 .ARM.attributes
                0x000009ce       0x34 c:/maxim/toolchain/bin/../lib/gcc/arm-none-eabi/6.3.1/../../../../arm-none-eabi/lib/thumb/v7e-m/fpv4-sp/hard\libc.a(lib_a-fstatr.o)
 .ARM.attributes
                0x00000a02       0x34 c:/maxim/toolchain/bin/../lib/gcc/arm-none-eabi/6.3.1/../../../../arm-none-eabi/lib/thumb/v7e-m/fpv4-sp/hard\libc.a(lib_a-fvwrite.o)
 .ARM.attributes
                0x00000a36       0x34 c:/maxim/toolchain/bin/../lib/gcc/arm-none-eabi/6.3.1/../../../../arm-none-eabi/lib/thumb/v7e-m/fpv4-sp/hard\libc.a(lib_a-isattyr.o)
 .ARM.attributes
                0x00000a6a       0x34 c:/maxim/toolchain/bin/../lib/gcc/arm-none-eabi/6.3.1/../../../../arm-none-eabi/lib/thumb/v7e-m/fpv4-sp/hard\libc.a(lib_a-locale.o)
 .ARM.attributes
                0x00000a9e       0x34 c:/maxim/toolchain/bin/../lib/gcc/arm-none-eabi/6.3.1/../../../../arm-none-eabi/lib/thumb/v7e-m/fpv4-sp/hard\libc.a(lib_a-lseekr.o)
 .ARM.attributes
                0x00000ad2       0x34 c:/maxim/toolchain/bin/../lib/gcc/arm-none-eabi/6.3.1/../../../../arm-none-eabi/lib/thumb/v7e-m/fpv4-sp/hard\libc.a(lib_a-mbtowc_r.o)
 .ARM.attributes
                0x00000b06       0x34 c:/maxim/toolchain/bin/../lib/gcc/arm-none-eabi/6.3.1/../../../../arm-none-eabi/lib/thumb/v7e-m/fpv4-sp/hard\libc.a(lib_a-memmove.o)
 .ARM.attributes
                0x00000b3a       0x34 c:/maxim/toolchain/bin/../lib/gcc/arm-none-eabi/6.3.1/../../../../arm-none-eabi/lib/thumb/v7e-m/fpv4-sp/hard\libc.a(lib_a-readr.o)
 .ARM.attributes
                0x00000b6e       0x34 c:/maxim/toolchain/bin/../lib/gcc/arm-none-eabi/6.3.1/../../../../arm-none-eabi/lib/thumb/v7e-m/fpv4-sp/hard\libc.a(lib_a-reallocr.o)
 .ARM.attributes
                0x00000ba2       0x34 c:/maxim/toolchain/bin/../lib/gcc/arm-none-eabi/6.3.1/../../../../arm-none-eabi/lib/thumb/v7e-m/fpv4-sp/hard\libc.a(lib_a-reent.o)
 .ARM.attributes
                0x00000bd6       0x34 c:/maxim/toolchain/bin/../lib/gcc/arm-none-eabi/6.3.1/../../../../arm-none-eabi/lib/thumb/v7e-m/fpv4-sp/hard\libc.a(lib_a-wbuf.o)
 .ARM.attributes
                0x00000c0a       0x34 c:/maxim/toolchain/bin/../lib/gcc/arm-none-eabi/6.3.1/../../../../arm-none-eabi/lib/thumb/v7e-m/fpv4-sp/hard\libc.a(lib_a-wcrtomb.o)
 .ARM.attributes
                0x00000c3e       0x34 c:/maxim/toolchain/bin/../lib/gcc/arm-none-eabi/6.3.1/../../../../arm-none-eabi/lib/thumb/v7e-m/fpv4-sp/hard\libc.a(lib_a-wctomb_r.o)
 .ARM.attributes
                0x00000c72       0x34 c:/maxim/toolchain/bin/../lib/gcc/arm-none-eabi/6.3.1/../../../../arm-none-eabi/lib/thumb/v7e-m/fpv4-sp/hard\libc.a(lib_a-ctype_.o)
 .ARM.attributes
                0x00000ca6       0x22 c:/maxim/toolchain/bin/../lib/gcc/arm-none-eabi/6.3.1/thumb/v7e-m/fpv4-sp/hard\libgcc.a(_arm_addsubdf3.o)
 .ARM.attributes
                0x00000cc8       0x22 c:/maxim/toolchain/bin/../lib/gcc/arm-none-eabi/6.3.1/thumb/v7e-m/fpv4-sp/hard\libgcc.a(_arm_muldivdf3.o)
 .ARM.attributes
                0x00000cea       0x22 c:/maxim/toolchain/bin/../lib/gcc/arm-none-eabi/6.3.1/thumb/v7e-m/fpv4-sp/hard\libgcc.a(_arm_cmpdf2.o)
 .ARM.attributes
                0x00000d0c       0x22 c:/maxim/toolchain/bin/../lib/gcc/arm-none-eabi/6.3.1/thumb/v7e-m/fpv4-sp/hard\libgcc.a(_arm_unorddf2.o)
 .ARM.attributes
                0x00000d2e       0x22 c:/maxim/toolchain/bin/../lib/gcc/arm-none-eabi/6.3.1/thumb/v7e-m/fpv4-sp/hard\libgcc.a(_arm_fixdfsi.o)
 .ARM.attributes
                0x00000d50       0x22 c:/maxim/toolchain/bin/../lib/gcc/arm-none-eabi/6.3.1/thumb/v7e-m/fpv4-sp/hard\libgcc.a(_aeabi_uldivmod.o)
 .ARM.attributes
                0x00000d72       0x34 c:/maxim/toolchain/bin/../lib/gcc/arm-none-eabi/6.3.1/thumb/v7e-m/fpv4-sp/hard\libgcc.a(_udivmoddi4.o)
 .ARM.attributes
                0x00000da6       0x22 c:/maxim/toolchain/bin/../lib/gcc/arm-none-eabi/6.3.1/thumb/v7e-m/fpv4-sp/hard\libgcc.a(_dvmd_tls.o)
 .ARM.attributes
                0x00000dc8       0x34 c:/maxim/toolchain/bin/../lib/gcc/arm-none-eabi/6.3.1/thumb/v7e-m/fpv4-sp/hard/crtend.o
 .ARM.attributes
                0x00000dfc       0x22 c:/maxim/toolchain/bin/../lib/gcc/arm-none-eabi/6.3.1/thumb/v7e-m/fpv4-sp/hard/crtn.o

.comment        0x00000000       0x7f
 .comment       0x00000000       0x7f c:/Users/Sorsly/Documents/remote/ringRemote/eclipse/ringRemote/build/main.o
                                 0x80 (size before relaxing)
 .comment       0x0000007f       0x80 c:/Users/Sorsly/Documents/remote/ringRemote/eclipse/ringRemote/build/board.o
 .comment       0x0000007f       0x80 c:/Users/Sorsly/Documents/remote/ringRemote/eclipse/ringRemote/build/stdio.o
 .comment       0x0000007f       0x80 c:/Users/Sorsly/Documents/remote/ringRemote/eclipse/ringRemote/build/led.o
 .comment       0x0000007f       0x80 c:/Users/Sorsly/Documents/remote/ringRemote/eclipse/ringRemote/build/pb.o
 .comment       0x0000007f       0x80 c:/Users/Sorsly/Documents/remote/ringRemote/eclipse/ringRemote/build/heap.o
 .comment       0x0000007f       0x80 c:/Users/Sorsly/Documents/remote/ringRemote/eclipse/ringRemote/build/system_max32660.o
 .comment       0x0000007f       0x80 c:/Users/Sorsly/Documents/remote/ringRemote/eclipse/ringRemote/build/PeriphDriver/PeriphDriver.a(uart.o)
 .comment       0x0000007f       0x80 c:/Users/Sorsly/Documents/remote/ringRemote/eclipse/ringRemote/build/PeriphDriver/PeriphDriver.a(gpio.o)
 .comment       0x0000007f       0x80 c:/Users/Sorsly/Documents/remote/ringRemote/eclipse/ringRemote/build/PeriphDriver/PeriphDriver.a(mxc_delay.o)
 .comment       0x0000007f       0x80 c:/Users/Sorsly/Documents/remote/ringRemote/eclipse/ringRemote/build/PeriphDriver/PeriphDriver.a(mxc_sys.o)
 .comment       0x0000007f       0x80 c:/Users/Sorsly/Documents/remote/ringRemote/eclipse/ringRemote/build/PeriphDriver/PeriphDriver.a(mxc_pins.o)
 .comment       0x0000007f       0x80 c:/Users/Sorsly/Documents/remote/ringRemote/eclipse/ringRemote/build/PeriphDriver/PeriphDriver.a(tmr.o)

.debug_info     0x00000000     0xb1ff
 .debug_info    0x00000000     0x12ce c:/Users/Sorsly/Documents/remote/ringRemote/eclipse/ringRemote/build/main.o
 .debug_info    0x000012ce     0x11cf c:/Users/Sorsly/Documents/remote/ringRemote/eclipse/ringRemote/build/board.o
 .debug_info    0x0000249d      0xfa5 c:/Users/Sorsly/Documents/remote/ringRemote/eclipse/ringRemote/build/stdio.o
 .debug_info    0x00003442      0xbfe c:/Users/Sorsly/Documents/remote/ringRemote/eclipse/ringRemote/build/led.o
 .debug_info    0x00004040      0x8bb c:/Users/Sorsly/Documents/remote/ringRemote/eclipse/ringRemote/build/pb.o
 .debug_info    0x000048fb      0x98d c:/Users/Sorsly/Documents/remote/ringRemote/eclipse/ringRemote/build/heap.o
 .debug_info    0x00005288     0x1094 c:/Users/Sorsly/Documents/remote/ringRemote/eclipse/ringRemote/build/system_max32660.o
 .debug_info    0x0000631c     0x17be c:/Users/Sorsly/Documents/remote/ringRemote/eclipse/ringRemote/build/PeriphDriver/PeriphDriver.a(uart.o)
 .debug_info    0x00007ada      0x8c0 c:/Users/Sorsly/Documents/remote/ringRemote/eclipse/ringRemote/build/PeriphDriver/PeriphDriver.a(gpio.o)
 .debug_info    0x0000839a      0x404 c:/Users/Sorsly/Documents/remote/ringRemote/eclipse/ringRemote/build/PeriphDriver/PeriphDriver.a(mxc_delay.o)
 .debug_info    0x0000879e     0x1e8f c:/Users/Sorsly/Documents/remote/ringRemote/eclipse/ringRemote/build/PeriphDriver/PeriphDriver.a(mxc_sys.o)
 .debug_info    0x0000a62d      0x2f1 c:/Users/Sorsly/Documents/remote/ringRemote/eclipse/ringRemote/build/PeriphDriver/PeriphDriver.a(mxc_pins.o)
 .debug_info    0x0000a91e      0x8e1 c:/Users/Sorsly/Documents/remote/ringRemote/eclipse/ringRemote/build/PeriphDriver/PeriphDriver.a(tmr.o)

.debug_abbrev   0x00000000     0x1f14
 .debug_abbrev  0x00000000      0x33a c:/Users/Sorsly/Documents/remote/ringRemote/eclipse/ringRemote/build/main.o
 .debug_abbrev  0x0000033a      0x2a9 c:/Users/Sorsly/Documents/remote/ringRemote/eclipse/ringRemote/build/board.o
 .debug_abbrev  0x000005e3      0x263 c:/Users/Sorsly/Documents/remote/ringRemote/eclipse/ringRemote/build/stdio.o
 .debug_abbrev  0x00000846      0x259 c:/Users/Sorsly/Documents/remote/ringRemote/eclipse/ringRemote/build/led.o
 .debug_abbrev  0x00000a9f      0x234 c:/Users/Sorsly/Documents/remote/ringRemote/eclipse/ringRemote/build/pb.o
 .debug_abbrev  0x00000cd3      0x1fa c:/Users/Sorsly/Documents/remote/ringRemote/eclipse/ringRemote/build/heap.o
 .debug_abbrev  0x00000ecd      0x289 c:/Users/Sorsly/Documents/remote/ringRemote/eclipse/ringRemote/build/system_max32660.o
 .debug_abbrev  0x00001156      0x3d0 c:/Users/Sorsly/Documents/remote/ringRemote/eclipse/ringRemote/build/PeriphDriver/PeriphDriver.a(uart.o)
 .debug_abbrev  0x00001526      0x223 c:/Users/Sorsly/Documents/remote/ringRemote/eclipse/ringRemote/build/PeriphDriver/PeriphDriver.a(gpio.o)
 .debug_abbrev  0x00001749      0x19b c:/Users/Sorsly/Documents/remote/ringRemote/eclipse/ringRemote/build/PeriphDriver/PeriphDriver.a(mxc_delay.o)
 .debug_abbrev  0x000018e4      0x3ba c:/Users/Sorsly/Documents/remote/ringRemote/eclipse/ringRemote/build/PeriphDriver/PeriphDriver.a(mxc_sys.o)
 .debug_abbrev  0x00001c9e       0xb6 c:/Users/Sorsly/Documents/remote/ringRemote/eclipse/ringRemote/build/PeriphDriver/PeriphDriver.a(mxc_pins.o)
 .debug_abbrev  0x00001d54      0x1c0 c:/Users/Sorsly/Documents/remote/ringRemote/eclipse/ringRemote/build/PeriphDriver/PeriphDriver.a(tmr.o)

.debug_loc      0x00000000     0x2bb8
 .debug_loc     0x00000000      0x13a c:/Users/Sorsly/Documents/remote/ringRemote/eclipse/ringRemote/build/main.o
 .debug_loc     0x0000013a       0xdb c:/Users/Sorsly/Documents/remote/ringRemote/eclipse/ringRemote/build/board.o
 .debug_loc     0x00000215      0x2f7 c:/Users/Sorsly/Documents/remote/ringRemote/eclipse/ringRemote/build/stdio.o
 .debug_loc     0x0000050c      0x11c c:/Users/Sorsly/Documents/remote/ringRemote/eclipse/ringRemote/build/led.o
 .debug_loc     0x00000628      0x1e2 c:/Users/Sorsly/Documents/remote/ringRemote/eclipse/ringRemote/build/pb.o
 .debug_loc     0x0000080a       0x63 c:/Users/Sorsly/Documents/remote/ringRemote/eclipse/ringRemote/build/heap.o
 .debug_loc     0x0000086d       0x83 c:/Users/Sorsly/Documents/remote/ringRemote/eclipse/ringRemote/build/system_max32660.o
 .debug_loc     0x000008f0      0xcb0 c:/Users/Sorsly/Documents/remote/ringRemote/eclipse/ringRemote/build/PeriphDriver/PeriphDriver.a(uart.o)
 .debug_loc     0x000015a0      0x392 c:/Users/Sorsly/Documents/remote/ringRemote/eclipse/ringRemote/build/PeriphDriver/PeriphDriver.a(gpio.o)
 .debug_loc     0x00001932      0x15d c:/Users/Sorsly/Documents/remote/ringRemote/eclipse/ringRemote/build/PeriphDriver/PeriphDriver.a(mxc_delay.o)
 .debug_loc     0x00001a8f      0xc2e c:/Users/Sorsly/Documents/remote/ringRemote/eclipse/ringRemote/build/PeriphDriver/PeriphDriver.a(mxc_sys.o)
 .debug_loc     0x000026bd      0x4fb c:/Users/Sorsly/Documents/remote/ringRemote/eclipse/ringRemote/build/PeriphDriver/PeriphDriver.a(tmr.o)

.debug_aranges  0x00000000      0x540
 .debug_aranges
                0x00000000       0x40 c:/Users/Sorsly/Documents/remote/ringRemote/eclipse/ringRemote/build/main.o
 .debug_aranges
                0x00000040       0x40 c:/Users/Sorsly/Documents/remote/ringRemote/eclipse/ringRemote/build/board.o
 .debug_aranges
                0x00000080       0x50 c:/Users/Sorsly/Documents/remote/ringRemote/eclipse/ringRemote/build/stdio.o
 .debug_aranges
                0x000000d0       0x38 c:/Users/Sorsly/Documents/remote/ringRemote/eclipse/ringRemote/build/led.o
 .debug_aranges
                0x00000108       0x50 c:/Users/Sorsly/Documents/remote/ringRemote/eclipse/ringRemote/build/pb.o
 .debug_aranges
                0x00000158       0x20 c:/Users/Sorsly/Documents/remote/ringRemote/eclipse/ringRemote/build/heap.o
 .debug_aranges
                0x00000178       0x38 c:/Users/Sorsly/Documents/remote/ringRemote/eclipse/ringRemote/build/system_max32660.o
 .debug_aranges
                0x000001b0       0xc8 c:/Users/Sorsly/Documents/remote/ringRemote/eclipse/ringRemote/build/PeriphDriver/PeriphDriver.a(uart.o)
 .debug_aranges
                0x00000278       0x90 c:/Users/Sorsly/Documents/remote/ringRemote/eclipse/ringRemote/build/PeriphDriver/PeriphDriver.a(gpio.o)
 .debug_aranges
                0x00000308       0x50 c:/Users/Sorsly/Documents/remote/ringRemote/eclipse/ringRemote/build/PeriphDriver/PeriphDriver.a(mxc_delay.o)
 .debug_aranges
                0x00000358      0x130 c:/Users/Sorsly/Documents/remote/ringRemote/eclipse/ringRemote/build/PeriphDriver/PeriphDriver.a(mxc_sys.o)
 .debug_aranges
                0x00000488       0x18 c:/Users/Sorsly/Documents/remote/ringRemote/eclipse/ringRemote/build/PeriphDriver/PeriphDriver.a(mxc_pins.o)
 .debug_aranges
                0x000004a0       0xa0 c:/Users/Sorsly/Documents/remote/ringRemote/eclipse/ringRemote/build/PeriphDriver/PeriphDriver.a(tmr.o)

.debug_ranges   0x00000000      0x468
 .debug_ranges  0x00000000       0x30 c:/Users/Sorsly/Documents/remote/ringRemote/eclipse/ringRemote/build/main.o
 .debug_ranges  0x00000030       0x30 c:/Users/Sorsly/Documents/remote/ringRemote/eclipse/ringRemote/build/board.o
 .debug_ranges  0x00000060       0x40 c:/Users/Sorsly/Documents/remote/ringRemote/eclipse/ringRemote/build/stdio.o
 .debug_ranges  0x000000a0       0x28 c:/Users/Sorsly/Documents/remote/ringRemote/eclipse/ringRemote/build/led.o
 .debug_ranges  0x000000c8       0x40 c:/Users/Sorsly/Documents/remote/ringRemote/eclipse/ringRemote/build/pb.o
 .debug_ranges  0x00000108       0x10 c:/Users/Sorsly/Documents/remote/ringRemote/eclipse/ringRemote/build/heap.o
 .debug_ranges  0x00000118       0x28 c:/Users/Sorsly/Documents/remote/ringRemote/eclipse/ringRemote/build/system_max32660.o
 .debug_ranges  0x00000140       0xb8 c:/Users/Sorsly/Documents/remote/ringRemote/eclipse/ringRemote/build/PeriphDriver/PeriphDriver.a(uart.o)
 .debug_ranges  0x000001f8       0x80 c:/Users/Sorsly/Documents/remote/ringRemote/eclipse/ringRemote/build/PeriphDriver/PeriphDriver.a(gpio.o)
 .debug_ranges  0x00000278       0x40 c:/Users/Sorsly/Documents/remote/ringRemote/eclipse/ringRemote/build/PeriphDriver/PeriphDriver.a(mxc_delay.o)
 .debug_ranges  0x000002b8      0x120 c:/Users/Sorsly/Documents/remote/ringRemote/eclipse/ringRemote/build/PeriphDriver/PeriphDriver.a(mxc_sys.o)
 .debug_ranges  0x000003d8       0x90 c:/Users/Sorsly/Documents/remote/ringRemote/eclipse/ringRemote/build/PeriphDriver/PeriphDriver.a(tmr.o)

.debug_macro    0x00000000     0xb703
 .debug_macro   0x00000000      0x319 c:/Users/Sorsly/Documents/remote/ringRemote/eclipse/ringRemote/build/main.o
 .debug_macro   0x00000319      0x8bc c:/Users/Sorsly/Documents/remote/ringRemote/eclipse/ringRemote/build/main.o
 .debug_macro   0x00000bd5       0x22 c:/Users/Sorsly/Documents/remote/ringRemote/eclipse/ringRemote/build/main.o
 .debug_macro   0x00000bf7       0x52 c:/Users/Sorsly/Documents/remote/ringRemote/eclipse/ringRemote/build/main.o
 .debug_macro   0x00000c49       0x8d c:/Users/Sorsly/Documents/remote/ringRemote/eclipse/ringRemote/build/main.o
 .debug_macro   0x00000cd6       0x35 c:/Users/Sorsly/Documents/remote/ringRemote/eclipse/ringRemote/build/main.o
 .debug_macro   0x00000d0b       0x9c c:/Users/Sorsly/Documents/remote/ringRemote/eclipse/ringRemote/build/main.o
 .debug_macro   0x00000da7       0x16 c:/Users/Sorsly/Documents/remote/ringRemote/eclipse/ringRemote/build/main.o
 .debug_macro   0x00000dbd       0x57 c:/Users/Sorsly/Documents/remote/ringRemote/eclipse/ringRemote/build/main.o
 .debug_macro   0x00000e14       0x97 c:/Users/Sorsly/Documents/remote/ringRemote/eclipse/ringRemote/build/main.o
 .debug_macro   0x00000eab      0x30d c:/Users/Sorsly/Documents/remote/ringRemote/eclipse/ringRemote/build/main.o
 .debug_macro   0x000011b8       0xfd c:/Users/Sorsly/Documents/remote/ringRemote/eclipse/ringRemote/build/main.o
 .debug_macro   0x000012b5       0x10 c:/Users/Sorsly/Documents/remote/ringRemote/eclipse/ringRemote/build/main.o
 .debug_macro   0x000012c5       0x58 c:/Users/Sorsly/Documents/remote/ringRemote/eclipse/ringRemote/build/main.o
 .debug_macro   0x0000131d       0x1f c:/Users/Sorsly/Documents/remote/ringRemote/eclipse/ringRemote/build/main.o
 .debug_macro   0x0000133c       0x43 c:/Users/Sorsly/Documents/remote/ringRemote/eclipse/ringRemote/build/main.o
 .debug_macro   0x0000137f       0x20 c:/Users/Sorsly/Documents/remote/ringRemote/eclipse/ringRemote/build/main.o
 .debug_macro   0x0000139f      0x187 c:/Users/Sorsly/Documents/remote/ringRemote/eclipse/ringRemote/build/main.o
 .debug_macro   0x00001526       0x10 c:/Users/Sorsly/Documents/remote/ringRemote/eclipse/ringRemote/build/main.o
 .debug_macro   0x00001536       0x6a c:/Users/Sorsly/Documents/remote/ringRemote/eclipse/ringRemote/build/main.o
 .debug_macro   0x000015a0       0x1c c:/Users/Sorsly/Documents/remote/ringRemote/eclipse/ringRemote/build/main.o
 .debug_macro   0x000015bc       0x52 c:/Users/Sorsly/Documents/remote/ringRemote/eclipse/ringRemote/build/main.o
 .debug_macro   0x0000160e       0x40 c:/Users/Sorsly/Documents/remote/ringRemote/eclipse/ringRemote/build/main.o
 .debug_macro   0x0000164e       0x10 c:/Users/Sorsly/Documents/remote/ringRemote/eclipse/ringRemote/build/main.o
 .debug_macro   0x0000165e       0x40 c:/Users/Sorsly/Documents/remote/ringRemote/eclipse/ringRemote/build/main.o
 .debug_macro   0x0000169e       0xd7 c:/Users/Sorsly/Documents/remote/ringRemote/eclipse/ringRemote/build/main.o
 .debug_macro   0x00001775       0x16 c:/Users/Sorsly/Documents/remote/ringRemote/eclipse/ringRemote/build/main.o
 .debug_macro   0x0000178b      0x18b c:/Users/Sorsly/Documents/remote/ringRemote/eclipse/ringRemote/build/main.o
 .debug_macro   0x00001916       0xef c:/Users/Sorsly/Documents/remote/ringRemote/eclipse/ringRemote/build/main.o
 .debug_macro   0x00001a05      0x1df c:/Users/Sorsly/Documents/remote/ringRemote/eclipse/ringRemote/build/main.o
 .debug_macro   0x00001be4       0x22 c:/Users/Sorsly/Documents/remote/ringRemote/eclipse/ringRemote/build/main.o
 .debug_macro   0x00001c06       0x4c c:/Users/Sorsly/Documents/remote/ringRemote/eclipse/ringRemote/build/main.o
 .debug_macro   0x00001c52       0x3b c:/Users/Sorsly/Documents/remote/ringRemote/eclipse/ringRemote/build/main.o
 .debug_macro   0x00001c8d       0x2d c:/Users/Sorsly/Documents/remote/ringRemote/eclipse/ringRemote/build/main.o
 .debug_macro   0x00001cba       0x42 c:/Users/Sorsly/Documents/remote/ringRemote/eclipse/ringRemote/build/main.o
 .debug_macro   0x00001cfc      0xd39 c:/Users/Sorsly/Documents/remote/ringRemote/eclipse/ringRemote/build/main.o
 .debug_macro   0x00002a35       0x22 c:/Users/Sorsly/Documents/remote/ringRemote/eclipse/ringRemote/build/main.o
 .debug_macro   0x00002a57      0x337 c:/Users/Sorsly/Documents/remote/ringRemote/eclipse/ringRemote/build/main.o
 .debug_macro   0x00002d8e       0x28 c:/Users/Sorsly/Documents/remote/ringRemote/eclipse/ringRemote/build/main.o
 .debug_macro   0x00002db6       0x7c c:/Users/Sorsly/Documents/remote/ringRemote/eclipse/ringRemote/build/main.o
 .debug_macro   0x00002e32      0x4cb c:/Users/Sorsly/Documents/remote/ringRemote/eclipse/ringRemote/build/main.o
 .debug_macro   0x000032fd       0xe2 c:/Users/Sorsly/Documents/remote/ringRemote/eclipse/ringRemote/build/main.o
 .debug_macro   0x000033df       0x1c c:/Users/Sorsly/Documents/remote/ringRemote/eclipse/ringRemote/build/main.o
 .debug_macro   0x000033fb      0x25c c:/Users/Sorsly/Documents/remote/ringRemote/eclipse/ringRemote/build/main.o
 .debug_macro   0x00003657      0x568 c:/Users/Sorsly/Documents/remote/ringRemote/eclipse/ringRemote/build/main.o
 .debug_macro   0x00003bbf      0xd18 c:/Users/Sorsly/Documents/remote/ringRemote/eclipse/ringRemote/build/main.o
 .debug_macro   0x000048d7      0xcd3 c:/Users/Sorsly/Documents/remote/ringRemote/eclipse/ringRemote/build/main.o
 .debug_macro   0x000055aa       0xb6 c:/Users/Sorsly/Documents/remote/ringRemote/eclipse/ringRemote/build/main.o
 .debug_macro   0x00005660      0x9d5 c:/Users/Sorsly/Documents/remote/ringRemote/eclipse/ringRemote/build/main.o
 .debug_macro   0x00006035      0x77e c:/Users/Sorsly/Documents/remote/ringRemote/eclipse/ringRemote/build/main.o
 .debug_macro   0x000067b3      0x240 c:/Users/Sorsly/Documents/remote/ringRemote/eclipse/ringRemote/build/main.o
 .debug_macro   0x000069f3      0x91a c:/Users/Sorsly/Documents/remote/ringRemote/eclipse/ringRemote/build/main.o
 .debug_macro   0x0000730d       0x12 c:/Users/Sorsly/Documents/remote/ringRemote/eclipse/ringRemote/build/main.o
 .debug_macro   0x0000731f      0x2dc c:/Users/Sorsly/Documents/remote/ringRemote/eclipse/ringRemote/build/main.o
 .debug_macro   0x000075fb       0x1c c:/Users/Sorsly/Documents/remote/ringRemote/eclipse/ringRemote/build/main.o
 .debug_macro   0x00007617       0x16 c:/Users/Sorsly/Documents/remote/ringRemote/eclipse/ringRemote/build/main.o
 .debug_macro   0x0000762d       0x22 c:/Users/Sorsly/Documents/remote/ringRemote/eclipse/ringRemote/build/main.o
 .debug_macro   0x0000764f      0x300 c:/Users/Sorsly/Documents/remote/ringRemote/eclipse/ringRemote/build/board.o
 .debug_macro   0x0000794f       0x10 c:/Users/Sorsly/Documents/remote/ringRemote/eclipse/ringRemote/build/board.o
 .debug_macro   0x0000795f       0x40 c:/Users/Sorsly/Documents/remote/ringRemote/eclipse/ringRemote/build/board.o
 .debug_macro   0x0000799f      0x30a c:/Users/Sorsly/Documents/remote/ringRemote/eclipse/ringRemote/build/board.o
 .debug_macro   0x00007ca9      0x392 c:/Users/Sorsly/Documents/remote/ringRemote/eclipse/ringRemote/build/stdio.o
 .debug_macro   0x0000803b       0x10 c:/Users/Sorsly/Documents/remote/ringRemote/eclipse/ringRemote/build/stdio.o
 .debug_macro   0x0000804b      0x174 c:/Users/Sorsly/Documents/remote/ringRemote/eclipse/ringRemote/build/stdio.o
 .debug_macro   0x000081bf      0x23b c:/Users/Sorsly/Documents/remote/ringRemote/eclipse/ringRemote/build/stdio.o
 .debug_macro   0x000083fa       0x35 c:/Users/Sorsly/Documents/remote/ringRemote/eclipse/ringRemote/build/stdio.o
 .debug_macro   0x0000842f       0x16 c:/Users/Sorsly/Documents/remote/ringRemote/eclipse/ringRemote/build/stdio.o
 .debug_macro   0x00008445       0x16 c:/Users/Sorsly/Documents/remote/ringRemote/eclipse/ringRemote/build/stdio.o
 .debug_macro   0x0000845b       0x16 c:/Users/Sorsly/Documents/remote/ringRemote/eclipse/ringRemote/build/stdio.o
 .debug_macro   0x00008471       0x29 c:/Users/Sorsly/Documents/remote/ringRemote/eclipse/ringRemote/build/stdio.o
 .debug_macro   0x0000849a       0x16 c:/Users/Sorsly/Documents/remote/ringRemote/eclipse/ringRemote/build/stdio.o
 .debug_macro   0x000084b0      0x51a c:/Users/Sorsly/Documents/remote/ringRemote/eclipse/ringRemote/build/stdio.o
 .debug_macro   0x000089ca       0x16 c:/Users/Sorsly/Documents/remote/ringRemote/eclipse/ringRemote/build/stdio.o
 .debug_macro   0x000089e0       0x10 c:/Users/Sorsly/Documents/remote/ringRemote/eclipse/ringRemote/build/stdio.o
 .debug_macro   0x000089f0       0x41 c:/Users/Sorsly/Documents/remote/ringRemote/eclipse/ringRemote/build/stdio.o
 .debug_macro   0x00008a31      0x122 c:/Users/Sorsly/Documents/remote/ringRemote/eclipse/ringRemote/build/stdio.o
 .debug_macro   0x00008b53      0x260 c:/Users/Sorsly/Documents/remote/ringRemote/eclipse/ringRemote/build/led.o
 .debug_macro   0x00008db3       0x87 c:/Users/Sorsly/Documents/remote/ringRemote/eclipse/ringRemote/build/led.o
 .debug_macro   0x00008e3a       0x51 c:/Users/Sorsly/Documents/remote/ringRemote/eclipse/ringRemote/build/led.o
 .debug_macro   0x00008e8b       0x58 c:/Users/Sorsly/Documents/remote/ringRemote/eclipse/ringRemote/build/led.o
 .debug_macro   0x00008ee3      0x112 c:/Users/Sorsly/Documents/remote/ringRemote/eclipse/ringRemote/build/pb.o
 .debug_macro   0x00008ff5      0x1a5 c:/Users/Sorsly/Documents/remote/ringRemote/eclipse/ringRemote/build/heap.o
 .debug_macro   0x0000919a      0x30f c:/Users/Sorsly/Documents/remote/ringRemote/eclipse/ringRemote/build/system_max32660.o
 .debug_macro   0x000094a9       0x10 c:/Users/Sorsly/Documents/remote/ringRemote/eclipse/ringRemote/build/system_max32660.o
 .debug_macro   0x000094b9       0x1c c:/Users/Sorsly/Documents/remote/ringRemote/eclipse/ringRemote/build/system_max32660.o
 .debug_macro   0x000094d5      0xcd9 c:/Users/Sorsly/Documents/remote/ringRemote/eclipse/ringRemote/build/system_max32660.o
 .debug_macro   0x0000a1ae      0x4c5 c:/Users/Sorsly/Documents/remote/ringRemote/eclipse/ringRemote/build/system_max32660.o
 .debug_macro   0x0000a673      0x26d c:/Users/Sorsly/Documents/remote/ringRemote/eclipse/ringRemote/build/PeriphDriver/PeriphDriver.a(uart.o)
 .debug_macro   0x0000a8e0      0x108 c:/Users/Sorsly/Documents/remote/ringRemote/eclipse/ringRemote/build/PeriphDriver/PeriphDriver.a(gpio.o)
 .debug_macro   0x0000a9e8       0xf6 c:/Users/Sorsly/Documents/remote/ringRemote/eclipse/ringRemote/build/PeriphDriver/PeriphDriver.a(mxc_delay.o)
 .debug_macro   0x0000aade      0x1bf c:/Users/Sorsly/Documents/remote/ringRemote/eclipse/ringRemote/build/PeriphDriver/PeriphDriver.a(mxc_sys.o)
 .debug_macro   0x0000ac9d      0x318 c:/Users/Sorsly/Documents/remote/ringRemote/eclipse/ringRemote/build/PeriphDriver/PeriphDriver.a(mxc_sys.o)
 .debug_macro   0x0000afb5       0xf7 c:/Users/Sorsly/Documents/remote/ringRemote/eclipse/ringRemote/build/PeriphDriver/PeriphDriver.a(mxc_pins.o)
 .debug_macro   0x0000b0ac      0x4d7 c:/Users/Sorsly/Documents/remote/ringRemote/eclipse/ringRemote/build/PeriphDriver/PeriphDriver.a(mxc_pins.o)
 .debug_macro   0x0000b583      0x180 c:/Users/Sorsly/Documents/remote/ringRemote/eclipse/ringRemote/build/PeriphDriver/PeriphDriver.a(tmr.o)

.debug_line     0x00000000     0x426d
 .debug_line    0x00000000      0x5f7 c:/Users/Sorsly/Documents/remote/ringRemote/eclipse/ringRemote/build/main.o
 .debug_line    0x000005f7      0x5ee c:/Users/Sorsly/Documents/remote/ringRemote/eclipse/ringRemote/build/board.o
 .debug_line    0x00000be5      0x667 c:/Users/Sorsly/Documents/remote/ringRemote/eclipse/ringRemote/build/stdio.o
 .debug_line    0x0000124c      0x518 c:/Users/Sorsly/Documents/remote/ringRemote/eclipse/ringRemote/build/led.o
 .debug_line    0x00001764      0x412 c:/Users/Sorsly/Documents/remote/ringRemote/eclipse/ringRemote/build/pb.o
 .debug_line    0x00001b76      0x2d6 c:/Users/Sorsly/Documents/remote/ringRemote/eclipse/ringRemote/build/heap.o
 .debug_line    0x00001e4c      0x5a6 c:/Users/Sorsly/Documents/remote/ringRemote/eclipse/ringRemote/build/system_max32660.o
 .debug_line    0x000023f2      0x77e c:/Users/Sorsly/Documents/remote/ringRemote/eclipse/ringRemote/build/PeriphDriver/PeriphDriver.a(uart.o)
 .debug_line    0x00002b70      0x462 c:/Users/Sorsly/Documents/remote/ringRemote/eclipse/ringRemote/build/PeriphDriver/PeriphDriver.a(gpio.o)
 .debug_line    0x00002fd2      0x36b c:/Users/Sorsly/Documents/remote/ringRemote/eclipse/ringRemote/build/PeriphDriver/PeriphDriver.a(mxc_delay.o)
 .debug_line    0x0000333d      0x78c c:/Users/Sorsly/Documents/remote/ringRemote/eclipse/ringRemote/build/PeriphDriver/PeriphDriver.a(mxc_sys.o)
 .debug_line    0x00003ac9      0x29b c:/Users/Sorsly/Documents/remote/ringRemote/eclipse/ringRemote/build/PeriphDriver/PeriphDriver.a(mxc_pins.o)
 .debug_line    0x00003d64      0x509 c:/Users/Sorsly/Documents/remote/ringRemote/eclipse/ringRemote/build/PeriphDriver/PeriphDriver.a(tmr.o)

.debug_str      0x00000000    0x3f022
 .debug_str     0x00000000    0x37e6d c:/Users/Sorsly/Documents/remote/ringRemote/eclipse/ringRemote/build/main.o
                              0x38154 (size before relaxing)
 .debug_str     0x00037e6d     0x26a4 c:/Users/Sorsly/Documents/remote/ringRemote/eclipse/ringRemote/build/board.o
                              0x39fd2 (size before relaxing)
 .debug_str     0x0003a511     0x1c47 c:/Users/Sorsly/Documents/remote/ringRemote/eclipse/ringRemote/build/stdio.o
                              0x39591 (size before relaxing)
 .debug_str     0x0003c158       0x8d c:/Users/Sorsly/Documents/remote/ringRemote/eclipse/ringRemote/build/led.o
                              0x1183a (size before relaxing)
 .debug_str     0x0003c1e5       0xcc c:/Users/Sorsly/Documents/remote/ringRemote/eclipse/ringRemote/build/pb.o
                               0xdf0c (size before relaxing)
 .debug_str     0x0003c2b1       0x87 c:/Users/Sorsly/Documents/remote/ringRemote/eclipse/ringRemote/build/heap.o
                               0x8277 (size before relaxing)
 .debug_str     0x0003c338      0x259 c:/Users/Sorsly/Documents/remote/ringRemote/eclipse/ringRemote/build/system_max32660.o
                              0x39e31 (size before relaxing)
 .debug_str     0x0003c591      0x427 c:/Users/Sorsly/Documents/remote/ringRemote/eclipse/ringRemote/build/PeriphDriver/PeriphDriver.a(uart.o)
                              0x36ec2 (size before relaxing)
 .debug_str     0x0003c9b8      0x17f c:/Users/Sorsly/Documents/remote/ringRemote/eclipse/ringRemote/build/PeriphDriver/PeriphDriver.a(gpio.o)
                               0xdccf (size before relaxing)
 .debug_str     0x0003cb37       0xd1 c:/Users/Sorsly/Documents/remote/ringRemote/eclipse/ringRemote/build/PeriphDriver/PeriphDriver.a(mxc_delay.o)
                               0xd7c1 (size before relaxing)
 .debug_str     0x0003cc08     0x2303 c:/Users/Sorsly/Documents/remote/ringRemote/eclipse/ringRemote/build/PeriphDriver/PeriphDriver.a(mxc_sys.o)
                              0x38964 (size before relaxing)
 .debug_str     0x0003ef0b       0x12 c:/Users/Sorsly/Documents/remote/ringRemote/eclipse/ringRemote/build/PeriphDriver/PeriphDriver.a(mxc_pins.o)
                               0xd672 (size before relaxing)
 .debug_str     0x0003ef1d      0x105 c:/Users/Sorsly/Documents/remote/ringRemote/eclipse/ringRemote/build/PeriphDriver/PeriphDriver.a(tmr.o)
                              0x33c0f (size before relaxing)

.debug_frame    0x00000000     0x1eb4
 .debug_frame   0x00000000       0x90 c:/Users/Sorsly/Documents/remote/ringRemote/eclipse/ringRemote/build/main.o
 .debug_frame   0x00000090       0x80 c:/Users/Sorsly/Documents/remote/ringRemote/eclipse/ringRemote/build/board.o
 .debug_frame   0x00000110       0xa0 c:/Users/Sorsly/Documents/remote/ringRemote/eclipse/ringRemote/build/stdio.o
 .debug_frame   0x000001b0       0x78 c:/Users/Sorsly/Documents/remote/ringRemote/eclipse/ringRemote/build/led.o
 .debug_frame   0x00000228       0xc8 c:/Users/Sorsly/Documents/remote/ringRemote/eclipse/ringRemote/build/pb.o
 .debug_frame   0x000002f0       0x28 c:/Users/Sorsly/Documents/remote/ringRemote/eclipse/ringRemote/build/heap.o
 .debug_frame   0x00000318       0x58 c:/Users/Sorsly/Documents/remote/ringRemote/eclipse/ringRemote/build/system_max32660.o
 .debug_frame   0x00000370      0x214 c:/Users/Sorsly/Documents/remote/ringRemote/eclipse/ringRemote/build/PeriphDriver/PeriphDriver.a(uart.o)
 .debug_frame   0x00000584      0x130 c:/Users/Sorsly/Documents/remote/ringRemote/eclipse/ringRemote/build/PeriphDriver/PeriphDriver.a(gpio.o)
 .debug_frame   0x000006b4       0xb4 c:/Users/Sorsly/Documents/remote/ringRemote/eclipse/ringRemote/build/PeriphDriver/PeriphDriver.a(mxc_delay.o)
 .debug_frame   0x00000768      0x348 c:/Users/Sorsly/Documents/remote/ringRemote/eclipse/ringRemote/build/PeriphDriver/PeriphDriver.a(mxc_sys.o)
 .debug_frame   0x00000ab0      0x164 c:/Users/Sorsly/Documents/remote/ringRemote/eclipse/ringRemote/build/PeriphDriver/PeriphDriver.a(tmr.o)
 .debug_frame   0x00000c14       0x20 c:/maxim/toolchain/bin/../lib/gcc/arm-none-eabi/6.3.1/../../../../arm-none-eabi/lib/thumb/v7e-m/fpv4-sp/hard\libc.a(lib_a-errno.o)
 .debug_frame   0x00000c34       0x2c c:/maxim/toolchain/bin/../lib/gcc/arm-none-eabi/6.3.1/../../../../arm-none-eabi/lib/thumb/v7e-m/fpv4-sp/hard\libc.a(lib_a-init.o)
 .debug_frame   0x00000c60       0x34 c:/maxim/toolchain/bin/../lib/gcc/arm-none-eabi/6.3.1/../../../../arm-none-eabi/lib/thumb/v7e-m/fpv4-sp/hard\libc.a(lib_a-memset.o)
 .debug_frame   0x00000c94       0x74 c:/maxim/toolchain/bin/../lib/gcc/arm-none-eabi/6.3.1/../../../../arm-none-eabi/lib/thumb/v7e-m/fpv4-sp/hard\libc.a(lib_a-printf.o)